******************************************************************************
                  MSP430 Linker PC v4.1.1                      
******************************************************************************
>> Linked Mon Jan 05 15:49:01 2015

OUTPUT FILE NAME:   <Clock_Temperature.out>
ENTRY POINT SYMBOL: "_c_int00"  address: 0000d902


MEMORY CONFIGURATION

         name            origin    length      used     unused   attr    fill
----------------------  --------  ---------  --------  --------  ----  --------
  SFR                   00000000   00000010  00000000  00000010  RWIX
  PERIPHERALS_8BIT      00000010   000000f0  00000000  000000f0  RWIX
  PERIPHERALS_16BIT     00000100   00000100  00000000  00000100  RWIX
  RAM                   00000200   00000200  00000080  00000180  RWIX
  INFOD                 00001000   00000040  00000000  00000040  RWIX
  INFOC                 00001040   00000040  00000000  00000040  RWIX
  INFOB                 00001080   00000040  00000000  00000040  RWIX
  INFOA                 000010c0   00000040  00000000  00000040  RWIX
  FLASH                 0000c000   00003fe0  00001a10  000025d0  RWIX
  INT00                 0000ffe0   00000002  00000000  00000002  RWIX
  INT01                 0000ffe2   00000002  00000000  00000002  RWIX
  INT02                 0000ffe4   00000002  00000000  00000002  RWIX
  INT03                 0000ffe6   00000002  00000000  00000002  RWIX
  INT04                 0000ffe8   00000002  00000000  00000002  RWIX
  INT05                 0000ffea   00000002  00000000  00000002  RWIX
  INT06                 0000ffec   00000002  00000000  00000002  RWIX
  INT07                 0000ffee   00000002  00000000  00000002  RWIX
  INT08                 0000fff0   00000002  00000000  00000002  RWIX
  INT09                 0000fff2   00000002  00000000  00000002  RWIX
  INT10                 0000fff4   00000002  00000000  00000002  RWIX
  INT11                 0000fff6   00000002  00000000  00000002  RWIX
  INT12                 0000fff8   00000002  00000000  00000002  RWIX
  INT13                 0000fffa   00000002  00000000  00000002  RWIX
  INT14                 0000fffc   00000002  00000000  00000002  RWIX
  RESET                 0000fffe   00000002  00000002  00000000  RWIX


SECTION ALLOCATION MAP

 output                                  attributes/
section   page    origin      length       input sections
--------  ----  ----------  ----------   ----------------
.init_array 
*          0    0000c000    00000000     UNINITIALIZED

.bss       0    00000200    00000024     UNINITIALIZED
                  00000200    00000024     main.obj (.bss)

.TI.noinit 
*          0    00000200    00000000     UNINITIALIZED

.data      0    00000224    0000000c     
                  00000224    0000000c     main.obj (.data)

.TI.persistent 
*          0    00000224    00000000     UNINITIALIZED

.stack     0    000003b0    00000050     UNINITIALIZED
                  000003b0    00000002     rts430_eabi.lib : boot.obj (.stack)
                  000003b2    0000004e     --HOLE--

.text      0    0000c000    000019e8     
                  0000c000    0000045e     rts430_eabi.lib : frcdivd.obj (.text:_frcdivd)
                  0000c45e    000002f8                     : frcmpyd.obj (.text:_frcmpyd)
                  0000c756    00000256                     : mpyd.obj (.text:__mspabi_mpyd)
                  0000c9ac    00000238                     : divd.obj (.text:__mspabi_divd)
                  0000cbe4    000001f4     main.obj (.text:main)
                  0000cdd8    00000130     rts430_eabi.lib : fs_add.obj (.text)
                  0000cf08    000000fe     main.obj (.text:TemperatureToString)
                  0000d006    000000c2     rts430_eabi.lib : fs_mpy.obj (.text)
                  0000d0c8    000000a8                     : cvtdf.obj (.text:__mspabi_cvtdf)
                  0000d170    00000090                     : fltuld.obj (.text:__mspabi_fltuld)
                  0000d200    0000008a                     : fixdul.obj (.text:__mspabi_fixdul)
                  0000d28a    00000070     main.obj (.text:DS18B20_ReadTemp)
                  0000d2fa    00000068     rts430_eabi.lib : fs_toi.obj (.text)
                  0000d362    0000005e                     : copy_decompress_rle.obj (.text:__TI_decompress_rle_core)
                  0000d3c0    0000005e                     : autoinit.obj (.text:_auto_init)
                  0000d41e    0000005c                     : lsr32.obj (.text:l_lsr_const)
                  0000d47a    0000004c                     : lsr16.obj (.text)
                  0000d4c6    0000004a     main.obj (.text:LCD_write_command)
                  0000d510    00000046     rts430_eabi.lib : fs_tou.obj (.text)
                  0000d556    00000044     main.obj (.text:Second)
                  0000d59a    00000042     main.obj (.text:LCD_write_data)
                  0000d5dc    0000003e     main.obj (.text:LCD_init)
                  0000d61a    0000003e     rts430_eabi.lib : asr32.obj (.text:l_asr_const)
                  0000d658    0000003e                     : lsl32.obj (.text:l_lsl_const)
                  0000d696    00000038     main.obj (.text:DS18B20_WriteBit)
                  0000d6ce    00000036     main.obj (.text:DS18B20_Init)
                  0000d704    00000036     rts430_eabi.lib : fs_itof.obj (.text)
                  0000d73a    00000032     main.obj (.text:IntToString)
                  0000d76c    0000002c     rts430_eabi.lib : asr16.obj (.text)
                  0000d798    0000002c                     : div16s.obj (.text)
                  0000d7c4    0000002c                     : lsl16.obj (.text)
                  0000d7f0    00000028     main.obj (.text:DS18B20_ReadBit)
                  0000d818    00000028     main.obj (.text:DS18B20_ReadByte)
                  0000d840    00000026     main.obj (.text:Clock_Init)
                  0000d866    00000026     rts430_eabi.lib : mult32.obj (.text)
                  0000d88c    00000022     main.obj (.text:Hour)
                  0000d8ae    0000001c     main.obj (.text:DS18B20_WriteByte)
                  0000d8ca    0000001c     main.obj (.text:LCD_write_string)
                  0000d8e6    0000001c     main.obj (.text:Minute)
                  0000d902    0000001a     rts430_eabi.lib : boot.obj (.text:_c_int00_noexit)
                  0000d91c    00000016                     : div16u.obj (.text)
                  0000d932    00000014     main.obj (.text:LCD_set_xy)
                  0000d946    00000014     rts430_eabi.lib : copy_zero_init.obj (.text:decompress:ZI:__TI_zero_init)
                  0000d95a    00000014                     : mult16.obj (.text)
                  0000d96e    00000012     main.obj (.text:LCD_en_write)
                  0000d980    00000012     rts430_eabi.lib : copy_decompress_none.obj (.text:decompress:none:__TI_decompress_none)
                  0000d992    00000012     main.obj (.text:delay_nus)
                  0000d9a4    00000012     rts430_eabi.lib : lsr32.obj (.text:l_lsr)
                  0000d9b6    00000012                     : memcpy.obj (.text:memcpy)
                  0000d9c8    00000010                     : epilog.obj (.text)
                  0000d9d8    00000006                     : copy_decompress_rle.obj (.text:decompress:rle24:__TI_decompress_rle24)
                  0000d9de    00000004                     : pre_init.obj (.text:_system_pre_init)
                  0000d9e2    00000004                     : exit.obj (.text:abort)
                  0000d9e6    00000002     main.obj (.text:delay_1us)

.const     0    0000d9e8    0000000c     
                  0000d9e8    0000000c     main.obj (.const:.string)

.cinit     0    0000d9f4    0000001c     
                  0000d9f4    00000009     (.cinit..data.load) [load image, compression = rle]
                  0000d9fd    00000001     --HOLE-- [fill = 0]
                  0000d9fe    00000006     (__TI_handler_table)
                  0000da04    00000004     (.cinit..bss.load) [load image, compression = zero_init]
                  0000da08    00000008     (__TI_cinit_table)

.reset     0    0000fffe    00000002     
                  0000fffe    00000002     rts430_eabi.lib : boot.obj (.reset)


LINKER GENERATED COPY TABLES

__TI_cinit_table @ 0000da08 records: 2, size/record: 4, table size: 8
	.data: load addr=0000d9f4, load size=00000009 bytes, run addr=00000224, run size=0000000c bytes, compression=rle
	.bss: load addr=0000da04, load size=00000004 bytes, run addr=00000200, run size=00000024 bytes, compression=zero_init


LINKER GENERATED HANDLER TABLE

__TI_handler_table @ 0000d9fe records: 3, size/record: 2, table size: 6
	index: 0, handler: __TI_zero_init
	index: 1, handler: __TI_decompress_rle24
	index: 2, handler: __TI_decompress_none


GLOBAL SYMBOLS: SORTED ALPHABETICALLY BY Name 

address    name
--------   ----
0000004a   ADC10AE0
000001b0   ADC10CTL0
000001b2   ADC10CTL1
00000048   ADC10DTC0
00000049   ADC10DTC1
000001b4   ADC10MEM
000001bc   ADC10SA
00000057   BCSCTL1
00000058   BCSCTL2
00000053   BCSCTL3
0000d9e2   C$$EXIT
00000059   CACTL1
0000005a   CACTL2
000010fb   CALBC1_12MHZ
000010f9   CALBC1_16MHZ
000010ff   CALBC1_1MHZ
000010fd   CALBC1_8MHZ
000010fa   CALDCO_12MHZ
000010f8   CALDCO_16MHZ
000010fe   CALDCO_1MHZ
000010fc   CALDCO_8MHZ
0000005b   CAPD
0000d840   Clock_Init
00000056   DCOCTL
0000d6ce   DS18B20_Init
0000d7f0   DS18B20_ReadBit
0000d818   DS18B20_ReadByte
0000d28a   DS18B20_ReadTemp
0000d696   DS18B20_WriteBit
0000d8ae   DS18B20_WriteByte
00000128   FCTL1
0000012a   FCTL2
0000012c   FCTL3
0000d88c   Hour
00000000   IE1
00000001   IE2
00000002   IFG1
00000003   IFG2
0000d73a   IntToString
0000d96e   LCD_en_write
0000d5dc   LCD_init
0000d932   LCD_set_xy
0000d4c6   LCD_write_command
0000d59a   LCD_write_data
0000d8ca   LCD_write_string
0000d8e6   Minute
00000022   P1DIR
00000025   P1IE
00000024   P1IES
00000023   P1IFG
00000020   P1IN
00000021   P1OUT
00000027   P1REN
00000026   P1SEL
00000041   P1SEL2
0000002a   P2DIR
0000002d   P2IE
0000002c   P2IES
0000002b   P2IFG
00000028   P2IN
00000029   P2OUT
0000002f   P2REN
0000002e   P2SEL
00000042   P2SEL2
0000001a   P3DIR
00000018   P3IN
00000019   P3OUT
00000010   P3REN
0000001b   P3SEL
00000043   P3SEL2
0000d556   Second
00000172   TA0CCR0
00000174   TA0CCR1
00000176   TA0CCR2
00000162   TA0CCTL0
00000164   TA0CCTL1
00000166   TA0CCTL2
00000160   TA0CTL
0000012e   TA0IV
00000170   TA0R
00000192   TA1CCR0
00000194   TA1CCR1
00000196   TA1CCR2
00000182   TA1CCTL0
00000184   TA1CCTL1
00000186   TA1CCTL2
00000180   TA1CTL
0000011e   TA1IV
00000190   TA1R
00000204   Temp_str
00000200   Temperature
0000cf08   TemperatureToString
0000005d   UCA0ABCTL
00000062   UCA0BR0
00000063   UCA0BR1
00000060   UCA0CTL0
00000061   UCA0CTL1
0000005f   UCA0IRRCTL
0000005e   UCA0IRTCTL
00000064   UCA0MCTL
00000066   UCA0RXBUF
00000065   UCA0STAT
00000067   UCA0TXBUF
0000006a   UCB0BR0
0000006b   UCB0BR1
00000068   UCB0CTL0
00000069   UCB0CTL1
0000006c   UCB0I2CIE
00000118   UCB0I2COA
0000011a   UCB0I2CSA
0000006e   UCB0RXBUF
0000006d   UCB0STAT
0000006f   UCB0TXBUF
00000120   WDTCTL
00000400   __STACK_END
00000050   __STACK_SIZE
0000da08   __TI_CINIT_Base
0000da10   __TI_CINIT_Limit
0000d9fe   __TI_Handler_Table_Base
0000da04   __TI_Handler_Table_Limit
UNDEFED    __TI_INITARRAY_Base
UNDEFED    __TI_INITARRAY_Limit
00000001   __TI_args_main
0000d980   __TI_decompress_none
0000d9d8   __TI_decompress_rle24
00000001   __TI_exit
0000d946   __TI_zero_init
ffffffff   __binit__
ffffffff   __c_args__
0000cdde   __mspabi_addf
0000d0c8   __mspabi_cvtdf
0000c9ac   __mspabi_divd
0000d798   __mspabi_divi
0000d91c   __mspabi_divu
0000d200   __mspabi_fixdul
0000d2fa   __mspabi_fixfi
0000d510   __mspabi_fixfu
0000d704   __mspabi_fltif
0000d170   __mspabi_fltuld
0000d9d4   __mspabi_func_epilog_1
0000d9d2   __mspabi_func_epilog_2
0000d9d0   __mspabi_func_epilog_3
0000d9ce   __mspabi_func_epilog_4
0000d9cc   __mspabi_func_epilog_5
0000d9ca   __mspabi_func_epilog_6
0000d9c8   __mspabi_func_epilog_7
0000c756   __mspabi_mpyd
0000d006   __mspabi_mpyf
0000d95a   __mspabi_mpyi
0000d866   __mspabi_mpyl
0000d798   __mspabi_remi
0000d91c   __mspabi_remu
0000d7c4   __mspabi_slli
0000d7ec   __mspabi_slli_1
0000d7da   __mspabi_slli_10
0000d7d8   __mspabi_slli_11
0000d7d6   __mspabi_slli_12
0000d7d4   __mspabi_slli_13
0000d7d2   __mspabi_slli_14
0000d7d0   __mspabi_slli_15
0000d7ea   __mspabi_slli_2
0000d7e8   __mspabi_slli_3
0000d7e6   __mspabi_slli_4
0000d7e4   __mspabi_slli_5
0000d7e2   __mspabi_slli_6
0000d7e0   __mspabi_slli_7
0000d7de   __mspabi_slli_8
0000d7dc   __mspabi_slli_9
0000d690   __mspabi_slll_1
0000d66c   __mspabi_slll_10
0000d668   __mspabi_slll_11
0000d664   __mspabi_slll_12
0000d660   __mspabi_slll_13
0000d65c   __mspabi_slll_14
0000d658   __mspabi_slll_15
0000d68c   __mspabi_slll_2
0000d688   __mspabi_slll_3
0000d684   __mspabi_slll_4
0000d680   __mspabi_slll_5
0000d67c   __mspabi_slll_6
0000d678   __mspabi_slll_7
0000d674   __mspabi_slll_8
0000d670   __mspabi_slll_9
0000d76c   __mspabi_srai
0000d794   __mspabi_srai_1
0000d782   __mspabi_srai_10
0000d780   __mspabi_srai_11
0000d77e   __mspabi_srai_12
0000d77c   __mspabi_srai_13
0000d77a   __mspabi_srai_14
0000d778   __mspabi_srai_15
0000d792   __mspabi_srai_2
0000d790   __mspabi_srai_3
0000d78e   __mspabi_srai_4
0000d78c   __mspabi_srai_5
0000d78a   __mspabi_srai_6
0000d788   __mspabi_srai_7
0000d786   __mspabi_srai_8
0000d784   __mspabi_srai_9
0000d652   __mspabi_sral_1
0000d62e   __mspabi_sral_10
0000d62a   __mspabi_sral_11
0000d626   __mspabi_sral_12
0000d622   __mspabi_sral_13
0000d61e   __mspabi_sral_14
0000d61a   __mspabi_sral_15
0000d64e   __mspabi_sral_2
0000d64a   __mspabi_sral_3
0000d646   __mspabi_sral_4
0000d642   __mspabi_sral_5
0000d63e   __mspabi_sral_6
0000d63a   __mspabi_sral_7
0000d636   __mspabi_sral_8
0000d632   __mspabi_sral_9
0000d47a   __mspabi_srli
0000d4c0   __mspabi_srli_1
0000d49c   __mspabi_srli_10
0000d498   __mspabi_srli_11
0000d494   __mspabi_srli_12
0000d490   __mspabi_srli_13
0000d48c   __mspabi_srli_14
0000d488   __mspabi_srli_15
0000d4bc   __mspabi_srli_2
0000d4b8   __mspabi_srli_3
0000d4b4   __mspabi_srli_4
0000d4b0   __mspabi_srli_5
0000d4ac   __mspabi_srli_6
0000d4a8   __mspabi_srli_7
0000d4a4   __mspabi_srli_8
0000d4a0   __mspabi_srli_9
0000d9a4   __mspabi_srll
0000d472   __mspabi_srll_1
0000d43c   __mspabi_srll_10
0000d436   __mspabi_srll_11
0000d430   __mspabi_srll_12
0000d42a   __mspabi_srll_13
0000d424   __mspabi_srll_14
0000d41e   __mspabi_srll_15
0000d46c   __mspabi_srll_2
0000d466   __mspabi_srll_3
0000d460   __mspabi_srll_4
0000d45a   __mspabi_srll_5
0000d454   __mspabi_srll_6
0000d44e   __mspabi_srll_7
0000d448   __mspabi_srll_8
0000d442   __mspabi_srll_9
0000cdd8   __mspabi_subf
0000d3c0   _auto_init
0000d902   _c_int00
0000d902   _c_int00_noexit
0000c000   _frcdivd
0000c45e   _frcmpyd
0000fffe   _reset_vector
000003b0   _stack
0000d9de   _system_pre_init
0000d9e2   abort
ffffffff   binit
00000228   date
0000d9e6   delay_1us
0000d992   delay_nus
0000022a   hour
0000cbe4   main
0000d9b6   memcpy
0000022c   minute
00000226   month
0000022e   second
00000214   time
00000224   year


GLOBAL SYMBOLS: SORTED BY Symbol Address 

address    name
--------   ----
00000000   IE1
00000001   IE2
00000001   __TI_args_main
00000001   __TI_exit
00000002   IFG1
00000003   IFG2
00000010   P3REN
00000018   P3IN
00000019   P3OUT
0000001a   P3DIR
0000001b   P3SEL
00000020   P1IN
00000021   P1OUT
00000022   P1DIR
00000023   P1IFG
00000024   P1IES
00000025   P1IE
00000026   P1SEL
00000027   P1REN
00000028   P2IN
00000029   P2OUT
0000002a   P2DIR
0000002b   P2IFG
0000002c   P2IES
0000002d   P2IE
0000002e   P2SEL
0000002f   P2REN
00000041   P1SEL2
00000042   P2SEL2
00000043   P3SEL2
00000048   ADC10DTC0
00000049   ADC10DTC1
0000004a   ADC10AE0
00000050   __STACK_SIZE
00000053   BCSCTL3
00000056   DCOCTL
00000057   BCSCTL1
00000058   BCSCTL2
00000059   CACTL1
0000005a   CACTL2
0000005b   CAPD
0000005d   UCA0ABCTL
0000005e   UCA0IRTCTL
0000005f   UCA0IRRCTL
00000060   UCA0CTL0
00000061   UCA0CTL1
00000062   UCA0BR0
00000063   UCA0BR1
00000064   UCA0MCTL
00000065   UCA0STAT
00000066   UCA0RXBUF
00000067   UCA0TXBUF
00000068   UCB0CTL0
00000069   UCB0CTL1
0000006a   UCB0BR0
0000006b   UCB0BR1
0000006c   UCB0I2CIE
0000006d   UCB0STAT
0000006e   UCB0RXBUF
0000006f   UCB0TXBUF
00000118   UCB0I2COA
0000011a   UCB0I2CSA
0000011e   TA1IV
00000120   WDTCTL
00000128   FCTL1
0000012a   FCTL2
0000012c   FCTL3
0000012e   TA0IV
00000160   TA0CTL
00000162   TA0CCTL0
00000164   TA0CCTL1
00000166   TA0CCTL2
00000170   TA0R
00000172   TA0CCR0
00000174   TA0CCR1
00000176   TA0CCR2
00000180   TA1CTL
00000182   TA1CCTL0
00000184   TA1CCTL1
00000186   TA1CCTL2
00000190   TA1R
00000192   TA1CCR0
00000194   TA1CCR1
00000196   TA1CCR2
000001b0   ADC10CTL0
000001b2   ADC10CTL1
000001b4   ADC10MEM
000001bc   ADC10SA
00000200   Temperature
00000204   Temp_str
00000214   time
00000224   year
00000226   month
00000228   date
0000022a   hour
0000022c   minute
0000022e   second
000003b0   _stack
00000400   __STACK_END
000010f8   CALDCO_16MHZ
000010f9   CALBC1_16MHZ
000010fa   CALDCO_12MHZ
000010fb   CALBC1_12MHZ
000010fc   CALDCO_8MHZ
000010fd   CALBC1_8MHZ
000010fe   CALDCO_1MHZ
000010ff   CALBC1_1MHZ
0000c000   _frcdivd
0000c45e   _frcmpyd
0000c756   __mspabi_mpyd
0000c9ac   __mspabi_divd
0000cbe4   main
0000cdd8   __mspabi_subf
0000cdde   __mspabi_addf
0000cf08   TemperatureToString
0000d006   __mspabi_mpyf
0000d0c8   __mspabi_cvtdf
0000d170   __mspabi_fltuld
0000d200   __mspabi_fixdul
0000d28a   DS18B20_ReadTemp
0000d2fa   __mspabi_fixfi
0000d3c0   _auto_init
0000d41e   __mspabi_srll_15
0000d424   __mspabi_srll_14
0000d42a   __mspabi_srll_13
0000d430   __mspabi_srll_12
0000d436   __mspabi_srll_11
0000d43c   __mspabi_srll_10
0000d442   __mspabi_srll_9
0000d448   __mspabi_srll_8
0000d44e   __mspabi_srll_7
0000d454   __mspabi_srll_6
0000d45a   __mspabi_srll_5
0000d460   __mspabi_srll_4
0000d466   __mspabi_srll_3
0000d46c   __mspabi_srll_2
0000d472   __mspabi_srll_1
0000d47a   __mspabi_srli
0000d488   __mspabi_srli_15
0000d48c   __mspabi_srli_14
0000d490   __mspabi_srli_13
0000d494   __mspabi_srli_12
0000d498   __mspabi_srli_11
0000d49c   __mspabi_srli_10
0000d4a0   __mspabi_srli_9
0000d4a4   __mspabi_srli_8
0000d4a8   __mspabi_srli_7
0000d4ac   __mspabi_srli_6
0000d4b0   __mspabi_srli_5
0000d4b4   __mspabi_srli_4
0000d4b8   __mspabi_srli_3
0000d4bc   __mspabi_srli_2
0000d4c0   __mspabi_srli_1
0000d4c6   LCD_write_command
0000d510   __mspabi_fixfu
0000d556   Second
0000d59a   LCD_write_data
0000d5dc   LCD_init
0000d61a   __mspabi_sral_15
0000d61e   __mspabi_sral_14
0000d622   __mspabi_sral_13
0000d626   __mspabi_sral_12
0000d62a   __mspabi_sral_11
0000d62e   __mspabi_sral_10
0000d632   __mspabi_sral_9
0000d636   __mspabi_sral_8
0000d63a   __mspabi_sral_7
0000d63e   __mspabi_sral_6
0000d642   __mspabi_sral_5
0000d646   __mspabi_sral_4
0000d64a   __mspabi_sral_3
0000d64e   __mspabi_sral_2
0000d652   __mspabi_sral_1
0000d658   __mspabi_slll_15
0000d65c   __mspabi_slll_14
0000d660   __mspabi_slll_13
0000d664   __mspabi_slll_12
0000d668   __mspabi_slll_11
0000d66c   __mspabi_slll_10
0000d670   __mspabi_slll_9
0000d674   __mspabi_slll_8
0000d678   __mspabi_slll_7
0000d67c   __mspabi_slll_6
0000d680   __mspabi_slll_5
0000d684   __mspabi_slll_4
0000d688   __mspabi_slll_3
0000d68c   __mspabi_slll_2
0000d690   __mspabi_slll_1
0000d696   DS18B20_WriteBit
0000d6ce   DS18B20_Init
0000d704   __mspabi_fltif
0000d73a   IntToString
0000d76c   __mspabi_srai
0000d778   __mspabi_srai_15
0000d77a   __mspabi_srai_14
0000d77c   __mspabi_srai_13
0000d77e   __mspabi_srai_12
0000d780   __mspabi_srai_11
0000d782   __mspabi_srai_10
0000d784   __mspabi_srai_9
0000d786   __mspabi_srai_8
0000d788   __mspabi_srai_7
0000d78a   __mspabi_srai_6
0000d78c   __mspabi_srai_5
0000d78e   __mspabi_srai_4
0000d790   __mspabi_srai_3
0000d792   __mspabi_srai_2
0000d794   __mspabi_srai_1
0000d798   __mspabi_divi
0000d798   __mspabi_remi
0000d7c4   __mspabi_slli
0000d7d0   __mspabi_slli_15
0000d7d2   __mspabi_slli_14
0000d7d4   __mspabi_slli_13
0000d7d6   __mspabi_slli_12
0000d7d8   __mspabi_slli_11
0000d7da   __mspabi_slli_10
0000d7dc   __mspabi_slli_9
0000d7de   __mspabi_slli_8
0000d7e0   __mspabi_slli_7
0000d7e2   __mspabi_slli_6
0000d7e4   __mspabi_slli_5
0000d7e6   __mspabi_slli_4
0000d7e8   __mspabi_slli_3
0000d7ea   __mspabi_slli_2
0000d7ec   __mspabi_slli_1
0000d7f0   DS18B20_ReadBit
0000d818   DS18B20_ReadByte
0000d840   Clock_Init
0000d866   __mspabi_mpyl
0000d88c   Hour
0000d8ae   DS18B20_WriteByte
0000d8ca   LCD_write_string
0000d8e6   Minute
0000d902   _c_int00
0000d902   _c_int00_noexit
0000d91c   __mspabi_divu
0000d91c   __mspabi_remu
0000d932   LCD_set_xy
0000d946   __TI_zero_init
0000d95a   __mspabi_mpyi
0000d96e   LCD_en_write
0000d980   __TI_decompress_none
0000d992   delay_nus
0000d9a4   __mspabi_srll
0000d9b6   memcpy
0000d9c8   __mspabi_func_epilog_7
0000d9ca   __mspabi_func_epilog_6
0000d9cc   __mspabi_func_epilog_5
0000d9ce   __mspabi_func_epilog_4
0000d9d0   __mspabi_func_epilog_3
0000d9d2   __mspabi_func_epilog_2
0000d9d4   __mspabi_func_epilog_1
0000d9d8   __TI_decompress_rle24
0000d9de   _system_pre_init
0000d9e2   C$$EXIT
0000d9e2   abort
0000d9e6   delay_1us
0000d9fe   __TI_Handler_Table_Base
0000da04   __TI_Handler_Table_Limit
0000da08   __TI_CINIT_Base
0000da10   __TI_CINIT_Limit
0000fffe   _reset_vector
ffffffff   __binit__
ffffffff   __c_args__
ffffffff   binit
UNDEFED    __TI_INITARRAY_Base
UNDEFED    __TI_INITARRAY_Limit

[268 symbols]
