******************************************************************************
                  MSP430 Linker PC v4.1.1                      
******************************************************************************
>> Linked Mon Nov 10 18:51:41 2014

OUTPUT FILE NAME:   <Breathe ligth.out>
ENTRY POINT SYMBOL: "_c_int00"  address: 0000d3d6


MEMORY CONFIGURATION

         name            origin    length      used     unused   attr    fill
----------------------  --------  ---------  --------  --------  ----  --------
  SFR                   00000000   00000010  00000000  00000010  RWIX
  PERIPHERALS_8BIT      00000010   000000f0  00000000  000000f0  RWIX
  PERIPHERALS_16BIT     00000100   00000100  00000000  00000100  RWIX
  RAM                   00000200   00000200  00000076  0000018a  RWIX
  INFOD                 00001000   00000040  00000000  00000040  RWIX
  INFOC                 00001040   00000040  00000000  00000040  RWIX
  INFOB                 00001080   00000040  00000000  00000040  RWIX
  INFOA                 000010c0   00000040  00000000  00000040  RWIX
  FLASH                 0000c000   00003fe0  000014da  00002b06  RWIX
  INT00                 0000ffe0   00000002  00000000  00000002  RWIX
  INT01                 0000ffe2   00000002  00000000  00000002  RWIX
  INT02                 0000ffe4   00000002  00000000  00000002  RWIX
  INT03                 0000ffe6   00000002  00000000  00000002  RWIX
  INT04                 0000ffe8   00000002  00000000  00000002  RWIX
  INT05                 0000ffea   00000002  00000000  00000002  RWIX
  INT06                 0000ffec   00000002  00000000  00000002  RWIX
  INT07                 0000ffee   00000002  00000000  00000002  RWIX
  INT08                 0000fff0   00000002  00000000  00000002  RWIX
  INT09                 0000fff2   00000002  00000000  00000002  RWIX
  INT10                 0000fff4   00000002  00000000  00000002  RWIX
  INT11                 0000fff6   00000002  00000000  00000002  RWIX
  INT12                 0000fff8   00000002  00000002  00000000  RWIX
  INT13                 0000fffa   00000002  00000000  00000002  RWIX
  INT14                 0000fffc   00000002  00000000  00000002  RWIX
  RESET                 0000fffe   00000002  00000002  00000000  RWIX


SECTION ALLOCATION MAP

 output                                  attributes/
section   page    origin      length       input sections
--------  ----  ----------  ----------   ----------------
.init_array 
*          0    0000c000    00000000     UNINITIALIZED

.bss       0    00000200    00000026     UNINITIALIZED
                  00000200    00000026     main.obj (.bss)

.TI.noinit 
*          0    00000200    00000000     UNINITIALIZED

.stack     0    000003b0    00000050     UNINITIALIZED
                  000003b0    00000002     rts430_eabi.lib : boot.obj (.stack)
                  000003b2    0000004e     --HOLE--

.text      0    0000c000    000014c2     
                  0000c000    000002f8     rts430_eabi.lib : frcmpyd.obj (.text:_frcmpyd)
                  0000c2f8    000002e8                     : addd.obj (.text:__mspabi_addd)
                  0000c5e0    0000026e                     : frcaddd.obj (.text:_frcaddd)
                  0000c84e    00000256                     : mpyd.obj (.text:__mspabi_mpyd)
                  0000caa4    00000166     main.obj (.text:F2S)
                  0000cc0a    0000011e     main.obj (.text:main)
                  0000cd28    000000c0     rts430_eabi.lib : renormd.obj (.text:_renormd)
                  0000cde8    000000b0                     : fltlid.obj (.text:__mspabi_fltlid)
                  0000ce98    00000090                     : fltuld.obj (.text:__mspabi_fltuld)
                  0000cf28    0000008a                     : fixdul.obj (.text:__mspabi_fixdul)
                  0000cfb2    00000088                     : fixdli.obj (.text:__mspabi_fixdli)
                  0000d03a    0000005e                     : autoinit.obj (.text:_auto_init)
                  0000d098    0000005c                     : lsr32.obj (.text:l_lsr_const)
                  0000d0f4    0000004c                     : lsr16.obj (.text)
                  0000d140    0000004a     main.obj (.text:LCD_write_command)
                  0000d18a    00000042     main.obj (.text:LCD_write_data)
                  0000d1cc    0000003e     main.obj (.text:LCD_init)
                  0000d20a    0000003e     rts430_eabi.lib : asr32.obj (.text:l_asr_const)
                  0000d248    0000003e                     : lsl32.obj (.text:l_lsl_const)
                  0000d286    00000036                     : subd.obj (.text:__mspabi_subd)
                  0000d2bc    0000002c     main.obj (.text:Timer_A)
                  0000d2e8    0000002c     rts430_eabi.lib : asr16.obj (.text)
                  0000d314    0000002c                     : div16s.obj (.text)
                  0000d340    0000002c                     : lsl16.obj (.text)
                  0000d36c    00000028                     : fixdi.obj (.text:__mspabi_fixdi)
                  0000d394    00000026                     : mult32.obj (.text)
                  0000d3ba    0000001c     main.obj (.text:LCD_write_string)
                  0000d3d6    0000001a     rts430_eabi.lib : boot.obj (.text:_c_int00_noexit)
                  0000d3f0    00000016                     : div16u.obj (.text)
                  0000d406    00000014     main.obj (.text:LCD_set_xy)
                  0000d41a    00000014     rts430_eabi.lib : copy_zero_init.obj (.text:decompress:ZI:__TI_zero_init)
                  0000d42e    00000012     main.obj (.text:LCD_en_write)
                  0000d440    00000012     rts430_eabi.lib : fixdu.obj (.text:__mspabi_fixdu)
                  0000d452    00000012     main.obj (.text:delay_nus)
                  0000d464    00000012     rts430_eabi.lib : lsr32.obj (.text:l_lsr)
                  0000d476    00000010                     : asr32.obj (.text:l_asr)
                  0000d486    00000010                     : lsl32.obj (.text:l_lsl)
                  0000d496    00000010                     : epilog.obj (.text)
                  0000d4a6    0000000c                     : fltid.obj (.text:__mspabi_fltid)
                  0000d4b2    00000006                     : fltud.obj (.text:__mspabi_fltud)
                  0000d4b8    00000004                     : pre_init.obj (.text:_system_pre_init)
                  0000d4bc    00000004                     : exit.obj (.text:abort)
                  0000d4c0    00000002     main.obj (.text:delay_1us)

.const     0    0000d4c2    0000000e     
                  0000d4c2    0000000e     main.obj (.const:.string)

.cinit     0    0000d4d0    0000000a     
                  0000d4d0    00000004     (.cinit..bss.load) [load image, compression = zero_init]
                  0000d4d4    00000002     (__TI_handler_table)
                  0000d4d6    00000004     (__TI_cinit_table)

TIMER1_A1 
*          0    0000fff8    00000002     
                  0000fff8    00000002     main.obj (.int12)

.reset     0    0000fffe    00000002     
                  0000fffe    00000002     rts430_eabi.lib : boot.obj (.reset)


LINKER GENERATED COPY TABLES

__TI_cinit_table @ 0000d4d6 records: 1, size/record: 4, table size: 4
	.bss: load addr=0000d4d0, load size=00000004 bytes, run addr=00000200, run size=00000026 bytes, compression=zero_init


LINKER GENERATED HANDLER TABLE

__TI_handler_table @ 0000d4d4 records: 1, size/record: 2, table size: 2
	index: 0, handler: __TI_zero_init


GLOBAL SYMBOLS: SORTED ALPHABETICALLY BY Name 

address    name
--------   ----
0000004a   ADC10AE0
000001b0   ADC10CTL0
000001b2   ADC10CTL1
00000048   ADC10DTC0
00000049   ADC10DTC1
000001b4   ADC10MEM
000001bc   ADC10SA
00000057   BCSCTL1
00000058   BCSCTL2
00000053   BCSCTL3
0000d4bc   C$$EXIT
00000059   CACTL1
0000005a   CACTL2
000010fb   CALBC1_12MHZ
000010f9   CALBC1_16MHZ
000010ff   CALBC1_1MHZ
000010fd   CALBC1_8MHZ
000010fa   CALDCO_12MHZ
000010f8   CALDCO_16MHZ
000010fe   CALDCO_1MHZ
000010fc   CALDCO_8MHZ
0000005b   CAPD
00000056   DCOCTL
0000caa4   F2S
00000128   FCTL1
0000012a   FCTL2
0000012c   FCTL3
00000000   IE1
00000001   IE2
00000002   IFG1
00000003   IFG2
0000d42e   LCD_en_write
0000d1cc   LCD_init
0000d406   LCD_set_xy
0000d140   LCD_write_command
0000d18a   LCD_write_data
0000d3ba   LCD_write_string
00000022   P1DIR
00000025   P1IE
00000024   P1IES
00000023   P1IFG
00000020   P1IN
00000021   P1OUT
00000027   P1REN
00000026   P1SEL
00000041   P1SEL2
0000002a   P2DIR
0000002d   P2IE
0000002c   P2IES
0000002b   P2IFG
00000028   P2IN
00000029   P2OUT
0000002f   P2REN
0000002e   P2SEL
00000042   P2SEL2
0000001a   P3DIR
00000018   P3IN
00000019   P3OUT
00000010   P3REN
0000001b   P3SEL
00000043   P3SEL2
00000172   TA0CCR0
00000174   TA0CCR1
00000176   TA0CCR2
00000162   TA0CCTL0
00000164   TA0CCTL1
00000166   TA0CCTL2
00000160   TA0CTL
0000012e   TA0IV
00000170   TA0R
00000192   TA1CCR0
00000194   TA1CCR1
00000196   TA1CCR2
00000182   TA1CCTL0
00000184   TA1CCTL1
00000186   TA1CCTL2
00000180   TA1CTL
0000011e   TA1IV
00000190   TA1R
0000d2bc   Timer_A
0000005d   UCA0ABCTL
00000062   UCA0BR0
00000063   UCA0BR1
00000060   UCA0CTL0
00000061   UCA0CTL1
0000005f   UCA0IRRCTL
0000005e   UCA0IRTCTL
00000064   UCA0MCTL
00000066   UCA0RXBUF
00000065   UCA0STAT
00000067   UCA0TXBUF
0000006a   UCB0BR0
0000006b   UCB0BR1
00000068   UCB0CTL0
00000069   UCB0CTL1
0000006c   UCB0I2CIE
00000118   UCB0I2COA
0000011a   UCB0I2CSA
0000006e   UCB0RXBUF
0000006d   UCB0STAT
0000006f   UCB0TXBUF
00000120   WDTCTL
00000400   __STACK_END
00000050   __STACK_SIZE
0000d4d6   __TI_CINIT_Base
0000d4da   __TI_CINIT_Limit
0000d4d4   __TI_Handler_Table_Base
0000d4d6   __TI_Handler_Table_Limit
UNDEFED    __TI_INITARRAY_Base
UNDEFED    __TI_INITARRAY_Limit
00000001   __TI_args_main
00000001   __TI_exit
0000d41a   __TI_zero_init
ffffffff   __binit__
ffffffff   __c_args__
0000c2f8   __mspabi_addd
0000d314   __mspabi_divi
0000d3f0   __mspabi_divu
0000d36c   __mspabi_fixdi
0000cfb2   __mspabi_fixdli
0000d440   __mspabi_fixdu
0000cf28   __mspabi_fixdul
0000d4a6   __mspabi_fltid
0000cde8   __mspabi_fltlid
0000d4b2   __mspabi_fltud
0000ce98   __mspabi_fltuld
0000d4a2   __mspabi_func_epilog_1
0000d4a0   __mspabi_func_epilog_2
0000d49e   __mspabi_func_epilog_3
0000d49c   __mspabi_func_epilog_4
0000d49a   __mspabi_func_epilog_5
0000d498   __mspabi_func_epilog_6
0000d496   __mspabi_func_epilog_7
0000c84e   __mspabi_mpyd
0000d394   __mspabi_mpyl
0000d314   __mspabi_remi
0000d3f0   __mspabi_remu
0000d340   __mspabi_slli
0000d368   __mspabi_slli_1
0000d356   __mspabi_slli_10
0000d354   __mspabi_slli_11
0000d352   __mspabi_slli_12
0000d350   __mspabi_slli_13
0000d34e   __mspabi_slli_14
0000d34c   __mspabi_slli_15
0000d366   __mspabi_slli_2
0000d364   __mspabi_slli_3
0000d362   __mspabi_slli_4
0000d360   __mspabi_slli_5
0000d35e   __mspabi_slli_6
0000d35c   __mspabi_slli_7
0000d35a   __mspabi_slli_8
0000d358   __mspabi_slli_9
0000d486   __mspabi_slll
0000d280   __mspabi_slll_1
0000d25c   __mspabi_slll_10
0000d258   __mspabi_slll_11
0000d254   __mspabi_slll_12
0000d250   __mspabi_slll_13
0000d24c   __mspabi_slll_14
0000d248   __mspabi_slll_15
0000d27c   __mspabi_slll_2
0000d278   __mspabi_slll_3
0000d274   __mspabi_slll_4
0000d270   __mspabi_slll_5
0000d26c   __mspabi_slll_6
0000d268   __mspabi_slll_7
0000d264   __mspabi_slll_8
0000d260   __mspabi_slll_9
0000d2e8   __mspabi_srai
0000d310   __mspabi_srai_1
0000d2fe   __mspabi_srai_10
0000d2fc   __mspabi_srai_11
0000d2fa   __mspabi_srai_12
0000d2f8   __mspabi_srai_13
0000d2f6   __mspabi_srai_14
0000d2f4   __mspabi_srai_15
0000d30e   __mspabi_srai_2
0000d30c   __mspabi_srai_3
0000d30a   __mspabi_srai_4
0000d308   __mspabi_srai_5
0000d306   __mspabi_srai_6
0000d304   __mspabi_srai_7
0000d302   __mspabi_srai_8
0000d300   __mspabi_srai_9
0000d476   __mspabi_sral
0000d242   __mspabi_sral_1
0000d21e   __mspabi_sral_10
0000d21a   __mspabi_sral_11
0000d216   __mspabi_sral_12
0000d212   __mspabi_sral_13
0000d20e   __mspabi_sral_14
0000d20a   __mspabi_sral_15
0000d23e   __mspabi_sral_2
0000d23a   __mspabi_sral_3
0000d236   __mspabi_sral_4
0000d232   __mspabi_sral_5
0000d22e   __mspabi_sral_6
0000d22a   __mspabi_sral_7
0000d226   __mspabi_sral_8
0000d222   __mspabi_sral_9
0000d0f4   __mspabi_srli
0000d13a   __mspabi_srli_1
0000d116   __mspabi_srli_10
0000d112   __mspabi_srli_11
0000d10e   __mspabi_srli_12
0000d10a   __mspabi_srli_13
0000d106   __mspabi_srli_14
0000d102   __mspabi_srli_15
0000d136   __mspabi_srli_2
0000d132   __mspabi_srli_3
0000d12e   __mspabi_srli_4
0000d12a   __mspabi_srli_5
0000d126   __mspabi_srli_6
0000d122   __mspabi_srli_7
0000d11e   __mspabi_srli_8
0000d11a   __mspabi_srli_9
0000d464   __mspabi_srll
0000d0ec   __mspabi_srll_1
0000d0b6   __mspabi_srll_10
0000d0b0   __mspabi_srll_11
0000d0aa   __mspabi_srll_12
0000d0a4   __mspabi_srll_13
0000d09e   __mspabi_srll_14
0000d098   __mspabi_srll_15
0000d0e6   __mspabi_srll_2
0000d0e0   __mspabi_srll_3
0000d0da   __mspabi_srll_4
0000d0d4   __mspabi_srll_5
0000d0ce   __mspabi_srll_6
0000d0c8   __mspabi_srll_7
0000d0c2   __mspabi_srll_8
0000d0bc   __mspabi_srll_9
0000d286   __mspabi_subd
0000d03a   _auto_init
0000d3d6   _c_int00
0000d3d6   _c_int00_noexit
0000c5e0   _frcaddd
0000c000   _frcmpyd
0000cd28   _renormd
0000fffe   _reset_vector
000003b0   _stack
0000d4b8   _system_pre_init
0000d4bc   abort
ffffffff   binit
0000d4c0   delay_1us
0000d452   delay_nus
0000020e   distance
0000cc0a   main
00000204   pwm_end
00000202   pwm_start
00000206   pwm_time
00000200   pwm_wide
00000216   str


GLOBAL SYMBOLS: SORTED BY Symbol Address 

address    name
--------   ----
00000000   IE1
00000001   IE2
00000001   __TI_args_main
00000001   __TI_exit
00000002   IFG1
00000003   IFG2
00000010   P3REN
00000018   P3IN
00000019   P3OUT
0000001a   P3DIR
0000001b   P3SEL
00000020   P1IN
00000021   P1OUT
00000022   P1DIR
00000023   P1IFG
00000024   P1IES
00000025   P1IE
00000026   P1SEL
00000027   P1REN
00000028   P2IN
00000029   P2OUT
0000002a   P2DIR
0000002b   P2IFG
0000002c   P2IES
0000002d   P2IE
0000002e   P2SEL
0000002f   P2REN
00000041   P1SEL2
00000042   P2SEL2
00000043   P3SEL2
00000048   ADC10DTC0
00000049   ADC10DTC1
0000004a   ADC10AE0
00000050   __STACK_SIZE
00000053   BCSCTL3
00000056   DCOCTL
00000057   BCSCTL1
00000058   BCSCTL2
00000059   CACTL1
0000005a   CACTL2
0000005b   CAPD
0000005d   UCA0ABCTL
0000005e   UCA0IRTCTL
0000005f   UCA0IRRCTL
00000060   UCA0CTL0
00000061   UCA0CTL1
00000062   UCA0BR0
00000063   UCA0BR1
00000064   UCA0MCTL
00000065   UCA0STAT
00000066   UCA0RXBUF
00000067   UCA0TXBUF
00000068   UCB0CTL0
00000069   UCB0CTL1
0000006a   UCB0BR0
0000006b   UCB0BR1
0000006c   UCB0I2CIE
0000006d   UCB0STAT
0000006e   UCB0RXBUF
0000006f   UCB0TXBUF
00000118   UCB0I2COA
0000011a   UCB0I2CSA
0000011e   TA1IV
00000120   WDTCTL
00000128   FCTL1
0000012a   FCTL2
0000012c   FCTL3
0000012e   TA0IV
00000160   TA0CTL
00000162   TA0CCTL0
00000164   TA0CCTL1
00000166   TA0CCTL2
00000170   TA0R
00000172   TA0CCR0
00000174   TA0CCR1
00000176   TA0CCR2
00000180   TA1CTL
00000182   TA1CCTL0
00000184   TA1CCTL1
00000186   TA1CCTL2
00000190   TA1R
00000192   TA1CCR0
00000194   TA1CCR1
00000196   TA1CCR2
000001b0   ADC10CTL0
000001b2   ADC10CTL1
000001b4   ADC10MEM
000001bc   ADC10SA
00000200   pwm_wide
00000202   pwm_start
00000204   pwm_end
00000206   pwm_time
0000020e   distance
00000216   str
000003b0   _stack
00000400   __STACK_END
000010f8   CALDCO_16MHZ
000010f9   CALBC1_16MHZ
000010fa   CALDCO_12MHZ
000010fb   CALBC1_12MHZ
000010fc   CALDCO_8MHZ
000010fd   CALBC1_8MHZ
000010fe   CALDCO_1MHZ
000010ff   CALBC1_1MHZ
0000c000   _frcmpyd
0000c2f8   __mspabi_addd
0000c5e0   _frcaddd
0000c84e   __mspabi_mpyd
0000caa4   F2S
0000cc0a   main
0000cd28   _renormd
0000cde8   __mspabi_fltlid
0000ce98   __mspabi_fltuld
0000cf28   __mspabi_fixdul
0000cfb2   __mspabi_fixdli
0000d03a   _auto_init
0000d098   __mspabi_srll_15
0000d09e   __mspabi_srll_14
0000d0a4   __mspabi_srll_13
0000d0aa   __mspabi_srll_12
0000d0b0   __mspabi_srll_11
0000d0b6   __mspabi_srll_10
0000d0bc   __mspabi_srll_9
0000d0c2   __mspabi_srll_8
0000d0c8   __mspabi_srll_7
0000d0ce   __mspabi_srll_6
0000d0d4   __mspabi_srll_5
0000d0da   __mspabi_srll_4
0000d0e0   __mspabi_srll_3
0000d0e6   __mspabi_srll_2
0000d0ec   __mspabi_srll_1
0000d0f4   __mspabi_srli
0000d102   __mspabi_srli_15
0000d106   __mspabi_srli_14
0000d10a   __mspabi_srli_13
0000d10e   __mspabi_srli_12
0000d112   __mspabi_srli_11
0000d116   __mspabi_srli_10
0000d11a   __mspabi_srli_9
0000d11e   __mspabi_srli_8
0000d122   __mspabi_srli_7
0000d126   __mspabi_srli_6
0000d12a   __mspabi_srli_5
0000d12e   __mspabi_srli_4
0000d132   __mspabi_srli_3
0000d136   __mspabi_srli_2
0000d13a   __mspabi_srli_1
0000d140   LCD_write_command
0000d18a   LCD_write_data
0000d1cc   LCD_init
0000d20a   __mspabi_sral_15
0000d20e   __mspabi_sral_14
0000d212   __mspabi_sral_13
0000d216   __mspabi_sral_12
0000d21a   __mspabi_sral_11
0000d21e   __mspabi_sral_10
0000d222   __mspabi_sral_9
0000d226   __mspabi_sral_8
0000d22a   __mspabi_sral_7
0000d22e   __mspabi_sral_6
0000d232   __mspabi_sral_5
0000d236   __mspabi_sral_4
0000d23a   __mspabi_sral_3
0000d23e   __mspabi_sral_2
0000d242   __mspabi_sral_1
0000d248   __mspabi_slll_15
0000d24c   __mspabi_slll_14
0000d250   __mspabi_slll_13
0000d254   __mspabi_slll_12
0000d258   __mspabi_slll_11
0000d25c   __mspabi_slll_10
0000d260   __mspabi_slll_9
0000d264   __mspabi_slll_8
0000d268   __mspabi_slll_7
0000d26c   __mspabi_slll_6
0000d270   __mspabi_slll_5
0000d274   __mspabi_slll_4
0000d278   __mspabi_slll_3
0000d27c   __mspabi_slll_2
0000d280   __mspabi_slll_1
0000d286   __mspabi_subd
0000d2bc   Timer_A
0000d2e8   __mspabi_srai
0000d2f4   __mspabi_srai_15
0000d2f6   __mspabi_srai_14
0000d2f8   __mspabi_srai_13
0000d2fa   __mspabi_srai_12
0000d2fc   __mspabi_srai_11
0000d2fe   __mspabi_srai_10
0000d300   __mspabi_srai_9
0000d302   __mspabi_srai_8
0000d304   __mspabi_srai_7
0000d306   __mspabi_srai_6
0000d308   __mspabi_srai_5
0000d30a   __mspabi_srai_4
0000d30c   __mspabi_srai_3
0000d30e   __mspabi_srai_2
0000d310   __mspabi_srai_1
0000d314   __mspabi_divi
0000d314   __mspabi_remi
0000d340   __mspabi_slli
0000d34c   __mspabi_slli_15
0000d34e   __mspabi_slli_14
0000d350   __mspabi_slli_13
0000d352   __mspabi_slli_12
0000d354   __mspabi_slli_11
0000d356   __mspabi_slli_10
0000d358   __mspabi_slli_9
0000d35a   __mspabi_slli_8
0000d35c   __mspabi_slli_7
0000d35e   __mspabi_slli_6
0000d360   __mspabi_slli_5
0000d362   __mspabi_slli_4
0000d364   __mspabi_slli_3
0000d366   __mspabi_slli_2
0000d368   __mspabi_slli_1
0000d36c   __mspabi_fixdi
0000d394   __mspabi_mpyl
0000d3ba   LCD_write_string
0000d3d6   _c_int00
0000d3d6   _c_int00_noexit
0000d3f0   __mspabi_divu
0000d3f0   __mspabi_remu
0000d406   LCD_set_xy
0000d41a   __TI_zero_init
0000d42e   LCD_en_write
0000d440   __mspabi_fixdu
0000d452   delay_nus
0000d464   __mspabi_srll
0000d476   __mspabi_sral
0000d486   __mspabi_slll
0000d496   __mspabi_func_epilog_7
0000d498   __mspabi_func_epilog_6
0000d49a   __mspabi_func_epilog_5
0000d49c   __mspabi_func_epilog_4
0000d49e   __mspabi_func_epilog_3
0000d4a0   __mspabi_func_epilog_2
0000d4a2   __mspabi_func_epilog_1
0000d4a6   __mspabi_fltid
0000d4b2   __mspabi_fltud
0000d4b8   _system_pre_init
0000d4bc   C$$EXIT
0000d4bc   abort
0000d4c0   delay_1us
0000d4d4   __TI_Handler_Table_Base
0000d4d6   __TI_CINIT_Base
0000d4d6   __TI_Handler_Table_Limit
0000d4da   __TI_CINIT_Limit
0000fffe   _reset_vector
ffffffff   __binit__
ffffffff   __c_args__
ffffffff   binit
UNDEFED    __TI_INITARRAY_Base
UNDEFED    __TI_INITARRAY_Limit

[254 symbols]
