******************************************************************************
                  MSP430 Linker PC v4.1.1                      
******************************************************************************
>> Linked Fri Apr 10 19:34:41 2015

OUTPUT FILE NAME:   <F2272_LCD1602.out>
ENTRY POINT SYMBOL: "_c_int00"  address: 0000acae


MEMORY CONFIGURATION

         name            origin    length      used     unused   attr    fill
----------------------  --------  ---------  --------  --------  ----  --------
  SFR                   00000000   00000010  00000000  00000010  RWIX
  PERIPHERALS_8BIT      00000010   000000f0  00000000  000000f0  RWIX
  PERIPHERALS_16BIT     00000100   00000100  00000000  00000100  RWIX
  RAM                   00000200   00000400  0000019a  00000266  RWIX
  INFOD                 00001000   00000040  00000000  00000040  RWIX
  INFOC                 00001040   00000040  00000000  00000040  RWIX
  INFOB                 00001080   00000040  00000000  00000040  RWIX
  INFOA                 000010c0   00000040  00000000  00000040  RWIX
  FLASH                 00008000   00007fde  00002e4a  00005194  RWIX
  INT00                 0000ffe0   00000002  00000000  00000002  RWIX
  INT01                 0000ffe2   00000002  00000000  00000002  RWIX
  INT02                 0000ffe4   00000002  00000000  00000002  RWIX
  INT03                 0000ffe6   00000002  00000000  00000002  RWIX
  INT04                 0000ffe8   00000002  00000000  00000002  RWIX
  INT05                 0000ffea   00000002  00000000  00000002  RWIX
  INT06                 0000ffec   00000002  00000000  00000002  RWIX
  INT07                 0000ffee   00000002  00000000  00000002  RWIX
  INT08                 0000fff0   00000002  00000000  00000002  RWIX
  INT09                 0000fff2   00000002  00000000  00000002  RWIX
  INT10                 0000fff4   00000002  00000000  00000002  RWIX
  INT11                 0000fff6   00000002  00000000  00000002  RWIX
  INT12                 0000fff8   00000002  00000000  00000002  RWIX
  INT13                 0000fffa   00000002  00000000  00000002  RWIX
  INT14                 0000fffc   00000002  00000000  00000002  RWIX
  RESET                 0000fffe   00000002  00000002  00000000  RWIX


SECTION ALLOCATION MAP

 output                                  attributes/
section   page    origin      length       input sections
--------  ----  ----------  ----------   ----------------
.init_array 
*          0    00008000    00000000     UNINITIALIZED

.data      0    00000200    0000010a     
                  00000200    00000080     rts430_eabi.lib : xvalues.obj (.data)
                  00000280    00000058                     : signal.obj (.data:sigtable)
                  000002d8    00000018     main.obj (.data:flowing_str)
                  000002f0    00000008     main.obj (.data:carry_table)
                  000002f8    00000006     main.obj (.data)
                  000002fe    00000006     rts430_eabi.lib : feraiseexcept.obj (.data)
                  00000304    00000004                     : _lock.obj (.data)
                  00000308    00000002                     : errno.obj (.data)

.TI.persistent 
*          0    00000200    00000000     UNINITIALIZED

.bss       0    0000030a    00000040     UNINITIALIZED
                  0000030a    00000040     main.obj (.bss)

.TI.noinit 
*          0    0000030a    00000000     UNINITIALIZED

.stack     0    000005b0    00000050     UNINITIALIZED
                  000005b0    00000002     rts430_eabi.lib : boot.obj (.stack)
                  000005b2    0000004e     --HOLE--

.text      0    00008000    00002dde     
                  00008000    00000702     main.obj (.text:Key_Press)
                  00008702    0000051a     main.obj (.text:LongToString)
                  00008c1c    0000045e     rts430_eabi.lib : frcdivd.obj (.text:_frcdivd)
                  0000907a    000002f8                     : frcmpyd.obj (.text:_frcmpyd)
                  00009372    000002e8                     : addd.obj (.text:__mspabi_addd)
                  0000965a    0000026e                     : frcaddd.obj (.text:_frcaddd)
                  000098c8    00000256                     : mpyd.obj (.text:__mspabi_mpyd)
                  00009b1e    00000238                     : divd.obj (.text:__mspabi_divd)
                  00009d56    000001f8                     : sqrt.obj (.text:sqrt)
                  00009f4e    000001ae                     : xdscale.obj (.text:_Dscale)
                  0000a0fc    00000128     main.obj (.text:Calc)
                  0000a224    00000110     rts430_eabi.lib : xdnorm.obj (.text:_Dnorm)
                  0000a334    000000d4     main.obj (.text:ScreenOn)
                  0000a408    000000c0     rts430_eabi.lib : renormd.obj (.text:_renormd)
                  0000a4c8    000000b0                     : fltlid.obj (.text:__mspabi_fltlid)
                  0000a578    00000088                     : fixdli.obj (.text:__mspabi_fixdli)
                  0000a600    00000076                     : xdunscal.obj (.text:_Dunscale)
                  0000a676    00000070     main.obj (.text:LCD1602_Init)
                  0000a6e6    0000006c     main.obj (.text:Formula_Parse)
                  0000a752    00000060     main.obj (.text:StringToLong)
                  0000a7b2    0000005e     rts430_eabi.lib : copy_decompress_rle.obj (.text:__TI_decompress_rle_core)
                  0000a810    0000005e                     : autoinit.obj (.text:_auto_init)
                  0000a86e    0000005c                     : lsr32.obj (.text:l_lsr_const)
                  0000a8ca    00000058                     : div32u.obj (.text)
                  0000a922    0000004c                     : lsr16.obj (.text)
                  0000a96e    00000040                     : div32s.obj (.text)
                  0000a9ae    0000003e                     : asr32.obj (.text:l_asr_const)
                  0000a9ec    0000003e                     : lsl32.obj (.text:l_lsl_const)
                  0000aa2a    00000036     main.obj (.text:Reset)
                  0000aa60    00000036     rts430_eabi.lib : signal.obj (.text:signal)
                  0000aa96    00000032                     : xferaise.obj (.text:_Feraise)
                  0000aac8    00000030     main.obj (.text:main)
                  0000aaf8    00000030     rts430_eabi.lib : raise.obj (.text:raise)
                  0000ab28    0000002e                     : feraiseexcept.obj (.text:feraiseexcept)
                  0000ab56    0000002c                     : asr16.obj (.text)
                  0000ab82    0000002c                     : div16s.obj (.text)
                  0000abae    0000002c                     : lsl16.obj (.text)
                  0000abda    0000002a                     : negd.obj (.text:__mspabi_negd)
                  0000ac04    00000028     main.obj (.text:Key_Init)
                  0000ac2c    00000026     rts430_eabi.lib : mult32.obj (.text)
                  0000ac52    00000024     main.obj (.text:LCD1602_Write_Command)
                  0000ac76    0000001c     main.obj (.text:LCD1602_Write_Data)
                  0000ac92    0000001c     main.obj (.text:LCD1602_Write_String)
                  0000acae    0000001a     rts430_eabi.lib : boot.obj (.text:_c_int00_noexit)
                  0000acc8    00000016     main.obj (.text:delay_1ms)
                  0000acde    00000016     rts430_eabi.lib : div16u.obj (.text)
                  0000acf4    00000014     main.obj (.text:LCD1602_Set_XY)
                  0000ad08    00000014     rts430_eabi.lib : copy_zero_init.obj (.text:decompress:ZI:__TI_zero_init)
                  0000ad1c    00000014                     : mult16.obj (.text)
                  0000ad30    00000012     main.obj (.text:LCD1602_Write_EN)
                  0000ad42    00000012     rts430_eabi.lib : copy_decompress_none.obj (.text:decompress:none:__TI_decompress_none)
                  0000ad54    00000012     main.obj (.text:delay_nms)
                  0000ad66    00000012     main.obj (.text:delay_nus)
                  0000ad78    00000012     rts430_eabi.lib : lsr32.obj (.text:l_lsr)
                  0000ad8a    00000012                     : memcpy.obj (.text:memcpy)
                  0000ad9c    00000010                     : asr32.obj (.text:l_asr)
                  0000adac    00000010                     : lsl32.obj (.text:l_lsl)
                  0000adbc    00000010                     : epilog.obj (.text)
                  0000adcc    00000006                     : copy_decompress_rle.obj (.text:decompress:rle24:__TI_decompress_rle24)
                  0000add2    00000004                     : pre_init.obj (.text:_system_pre_init)
                  0000add6    00000004                     : exit.obj (.text:abort)
                  0000adda    00000002                     : _lock.obj (.text:_nop)
                  0000addc    00000002     main.obj (.text:delay_1us)

.const     0    0000adde    00000008     
                  0000adde    00000008     main.obj (.const:.string)

.cinit     0    0000ade6    00000064     
                  0000ade6    00000051     (.cinit..data.load) [load image, compression = rle]
                  0000ae37    00000001     --HOLE-- [fill = 0]
                  0000ae38    00000006     (__TI_handler_table)
                  0000ae3e    00000004     (.cinit..bss.load) [load image, compression = zero_init]
                  0000ae42    00000008     (__TI_cinit_table)

.reset     0    0000fffe    00000002     
                  0000fffe    00000002     rts430_eabi.lib : boot.obj (.reset)


LINKER GENERATED COPY TABLES

__TI_cinit_table @ 0000ae42 records: 2, size/record: 4, table size: 8
	.data: load addr=0000ade6, load size=00000051 bytes, run addr=00000200, run size=0000010a bytes, compression=rle
	.bss: load addr=0000ae3e, load size=00000004 bytes, run addr=0000030a, run size=00000040 bytes, compression=zero_init


LINKER GENERATED HANDLER TABLE

__TI_handler_table @ 0000ae38 records: 3, size/record: 2, table size: 6
	index: 0, handler: __TI_zero_init
	index: 1, handler: __TI_decompress_rle24
	index: 2, handler: __TI_decompress_none


GLOBAL SYMBOLS: SORTED ALPHABETICALLY BY Name 

address    name
--------   ----
0000004a   ADC10AE0
0000004b   ADC10AE1
000001b0   ADC10CTL0
000001b2   ADC10CTL1
00000048   ADC10DTC0
00000049   ADC10DTC1
000001b4   ADC10MEM
000001bc   ADC10SA
00000057   BCSCTL1
00000058   BCSCTL2
00000053   BCSCTL3
0000add6   C$$EXIT
000010fb   CALBC1_12MHZ
000010f9   CALBC1_16MHZ
000010ff   CALBC1_1MHZ
000010fd   CALBC1_8MHZ
000010fa   CALDCO_12MHZ
000010f8   CALDCO_16MHZ
000010fe   CALDCO_1MHZ
000010fc   CALDCO_8MHZ
0000a0fc   Calc
00000056   DCOCTL
00000128   FCTL1
0000012a   FCTL2
0000012c   FCTL3
0000a6e6   Formula_Parse
00000000   IE1
00000001   IE2
00000002   IFG1
00000003   IFG2
0000ac04   Key_Init
00008000   Key_Press
0000a676   LCD1602_Init
0000acf4   LCD1602_Set_XY
0000ac52   LCD1602_Write_Command
0000ac76   LCD1602_Write_Data
0000ad30   LCD1602_Write_EN
0000ac92   LCD1602_Write_String
00008702   LongToString
00000022   P1DIR
00000025   P1IE
00000024   P1IES
00000023   P1IFG
00000020   P1IN
00000021   P1OUT
00000027   P1REN
00000026   P1SEL
0000002a   P2DIR
0000002d   P2IE
0000002c   P2IES
0000002b   P2IFG
00000028   P2IN
00000029   P2OUT
0000002f   P2REN
0000002e   P2SEL
0000001a   P3DIR
00000018   P3IN
00000019   P3OUT
00000010   P3REN
0000001b   P3SEL
0000001e   P4DIR
0000001c   P4IN
0000001d   P4OUT
00000011   P4REN
0000001f   P4SEL
0000aa2a   Reset
0000a334   ScreenOn
0000a752   StringToLong
00000172   TACCR0
00000174   TACCR1
00000176   TACCR2
00000162   TACCTL0
00000164   TACCTL1
00000166   TACCTL2
00000160   TACTL
0000012e   TAIV
00000170   TAR
00000192   TBCCR0
00000194   TBCCR1
00000196   TBCCR2
00000182   TBCCTL0
00000184   TBCCTL1
00000186   TBCCTL2
00000180   TBCTL
0000011e   TBIV
00000190   TBR
0000005d   UCA0ABCTL
00000062   UCA0BR0
00000063   UCA0BR1
00000060   UCA0CTL0
00000061   UCA0CTL1
0000005f   UCA0IRRCTL
0000005e   UCA0IRTCTL
00000064   UCA0MCTL
00000066   UCA0RXBUF
00000065   UCA0STAT
00000067   UCA0TXBUF
0000006a   UCB0BR0
0000006b   UCB0BR1
00000068   UCB0CTL0
00000069   UCB0CTL1
0000006c   UCB0I2CIE
00000118   UCB0I2COA
0000011a   UCB0I2CSA
0000006e   UCB0RXBUF
0000006d   UCB0STAT
0000006f   UCB0TXBUF
00000120   WDTCTL
00000200   _Denorm
0000a224   _Dnorm
00009f4e   _Dscale
0000a600   _Dunscale
00000210   _Eps
00000308   _Errno
000002fe   _Fenv
0000aa96   _Feraise
00000220   _Hugeval
00000230   _Inf
00000240   _Nan
00000260   _Rteps
00000250   _Snan
00000302   _Tls_setup__Fenv
00000270   _Xbig
00000278   _Zero
00000600   __STACK_END
00000050   __STACK_SIZE
0000ae42   __TI_CINIT_Base
0000ae4a   __TI_CINIT_Limit
0000ae38   __TI_Handler_Table_Base
0000ae3e   __TI_Handler_Table_Limit
UNDEFED    __TI_INITARRAY_Base
UNDEFED    __TI_INITARRAY_Limit
00000001   __TI_args_main
0000ad42   __TI_decompress_none
0000adcc   __TI_decompress_rle24
00000001   __TI_exit
0000ad08   __TI_zero_init
ffffffff   __binit__
ffffffff   __c_args__
00009372   __mspabi_addd
00009b1e   __mspabi_divd
0000ab82   __mspabi_divi
0000a96e   __mspabi_divli
0000acde   __mspabi_divu
0000a8ca   __mspabi_divul
0000a578   __mspabi_fixdli
0000a4c8   __mspabi_fltlid
0000adc8   __mspabi_func_epilog_1
0000adc6   __mspabi_func_epilog_2
0000adc4   __mspabi_func_epilog_3
0000adc2   __mspabi_func_epilog_4
0000adc0   __mspabi_func_epilog_5
0000adbe   __mspabi_func_epilog_6
0000adbc   __mspabi_func_epilog_7
000098c8   __mspabi_mpyd
0000ad1c   __mspabi_mpyi
0000ac2c   __mspabi_mpyl
0000abda   __mspabi_negd
0000ab82   __mspabi_remi
0000a96e   __mspabi_remli
0000acde   __mspabi_remu
0000a8ca   __mspabi_remul
0000abae   __mspabi_slli
0000abd6   __mspabi_slli_1
0000abc4   __mspabi_slli_10
0000abc2   __mspabi_slli_11
0000abc0   __mspabi_slli_12
0000abbe   __mspabi_slli_13
0000abbc   __mspabi_slli_14
0000abba   __mspabi_slli_15
0000abd4   __mspabi_slli_2
0000abd2   __mspabi_slli_3
0000abd0   __mspabi_slli_4
0000abce   __mspabi_slli_5
0000abcc   __mspabi_slli_6
0000abca   __mspabi_slli_7
0000abc8   __mspabi_slli_8
0000abc6   __mspabi_slli_9
0000adac   __mspabi_slll
0000aa24   __mspabi_slll_1
0000aa00   __mspabi_slll_10
0000a9fc   __mspabi_slll_11
0000a9f8   __mspabi_slll_12
0000a9f4   __mspabi_slll_13
0000a9f0   __mspabi_slll_14
0000a9ec   __mspabi_slll_15
0000aa20   __mspabi_slll_2
0000aa1c   __mspabi_slll_3
0000aa18   __mspabi_slll_4
0000aa14   __mspabi_slll_5
0000aa10   __mspabi_slll_6
0000aa0c   __mspabi_slll_7
0000aa08   __mspabi_slll_8
0000aa04   __mspabi_slll_9
0000ab56   __mspabi_srai
0000ab7e   __mspabi_srai_1
0000ab6c   __mspabi_srai_10
0000ab6a   __mspabi_srai_11
0000ab68   __mspabi_srai_12
0000ab66   __mspabi_srai_13
0000ab64   __mspabi_srai_14
0000ab62   __mspabi_srai_15
0000ab7c   __mspabi_srai_2
0000ab7a   __mspabi_srai_3
0000ab78   __mspabi_srai_4
0000ab76   __mspabi_srai_5
0000ab74   __mspabi_srai_6
0000ab72   __mspabi_srai_7
0000ab70   __mspabi_srai_8
0000ab6e   __mspabi_srai_9
0000ad9c   __mspabi_sral
0000a9e6   __mspabi_sral_1
0000a9c2   __mspabi_sral_10
0000a9be   __mspabi_sral_11
0000a9ba   __mspabi_sral_12
0000a9b6   __mspabi_sral_13
0000a9b2   __mspabi_sral_14
0000a9ae   __mspabi_sral_15
0000a9e2   __mspabi_sral_2
0000a9de   __mspabi_sral_3
0000a9da   __mspabi_sral_4
0000a9d6   __mspabi_sral_5
0000a9d2   __mspabi_sral_6
0000a9ce   __mspabi_sral_7
0000a9ca   __mspabi_sral_8
0000a9c6   __mspabi_sral_9
0000a922   __mspabi_srli
0000a968   __mspabi_srli_1
0000a944   __mspabi_srli_10
0000a940   __mspabi_srli_11
0000a93c   __mspabi_srli_12
0000a938   __mspabi_srli_13
0000a934   __mspabi_srli_14
0000a930   __mspabi_srli_15
0000a964   __mspabi_srli_2
0000a960   __mspabi_srli_3
0000a95c   __mspabi_srli_4
0000a958   __mspabi_srli_5
0000a954   __mspabi_srli_6
0000a950   __mspabi_srli_7
0000a94c   __mspabi_srli_8
0000a948   __mspabi_srli_9
0000ad78   __mspabi_srll
0000a8c2   __mspabi_srll_1
0000a88c   __mspabi_srll_10
0000a886   __mspabi_srll_11
0000a880   __mspabi_srll_12
0000a87a   __mspabi_srll_13
0000a874   __mspabi_srll_14
0000a86e   __mspabi_srll_15
0000a8bc   __mspabi_srll_2
0000a8b6   __mspabi_srll_3
0000a8b0   __mspabi_srll_4
0000a8aa   __mspabi_srll_5
0000a8a4   __mspabi_srll_6
0000a89e   __mspabi_srll_7
0000a898   __mspabi_srll_8
0000a892   __mspabi_srll_9
0000a810   _auto_init
0000acae   _c_int00
0000acae   _c_int00_noexit
0000965a   _frcaddd
00008c1c   _frcdivd
0000907a   _frcmpyd
00000304   _lock
0000adda   _nop
0000a408   _renormd
0000fffe   _reset_vector
000005b0   _stack
0000add2   _system_pre_init
00000306   _unlock
0000add6   abort
ffffffff   binit
000002f8   c_index
000002f0   carry_table
0000acc8   delay_1ms
0000addc   delay_1us
0000ad54   delay_nms
0000ad66   delay_nus
0000ab28   feraiseexcept
0000030a   first_line
0000032e   first_para
000002fa   flag
000002d8   flowing_str
0000aac8   main
0000ad8a   memcpy
00000342   para
0000aaf8   raise
0000031e   result_str
00000338   second_para
0000aa60   signal
00009d56   sqrt
000002fc   sym_count
0000031a   sym_pos


GLOBAL SYMBOLS: SORTED BY Symbol Address 

address    name
--------   ----
00000000   IE1
00000001   IE2
00000001   __TI_args_main
00000001   __TI_exit
00000002   IFG1
00000003   IFG2
00000010   P3REN
00000011   P4REN
00000018   P3IN
00000019   P3OUT
0000001a   P3DIR
0000001b   P3SEL
0000001c   P4IN
0000001d   P4OUT
0000001e   P4DIR
0000001f   P4SEL
00000020   P1IN
00000021   P1OUT
00000022   P1DIR
00000023   P1IFG
00000024   P1IES
00000025   P1IE
00000026   P1SEL
00000027   P1REN
00000028   P2IN
00000029   P2OUT
0000002a   P2DIR
0000002b   P2IFG
0000002c   P2IES
0000002d   P2IE
0000002e   P2SEL
0000002f   P2REN
00000048   ADC10DTC0
00000049   ADC10DTC1
0000004a   ADC10AE0
0000004b   ADC10AE1
00000050   __STACK_SIZE
00000053   BCSCTL3
00000056   DCOCTL
00000057   BCSCTL1
00000058   BCSCTL2
0000005d   UCA0ABCTL
0000005e   UCA0IRTCTL
0000005f   UCA0IRRCTL
00000060   UCA0CTL0
00000061   UCA0CTL1
00000062   UCA0BR0
00000063   UCA0BR1
00000064   UCA0MCTL
00000065   UCA0STAT
00000066   UCA0RXBUF
00000067   UCA0TXBUF
00000068   UCB0CTL0
00000069   UCB0CTL1
0000006a   UCB0BR0
0000006b   UCB0BR1
0000006c   UCB0I2CIE
0000006d   UCB0STAT
0000006e   UCB0RXBUF
0000006f   UCB0TXBUF
00000118   UCB0I2COA
0000011a   UCB0I2CSA
0000011e   TBIV
00000120   WDTCTL
00000128   FCTL1
0000012a   FCTL2
0000012c   FCTL3
0000012e   TAIV
00000160   TACTL
00000162   TACCTL0
00000164   TACCTL1
00000166   TACCTL2
00000170   TAR
00000172   TACCR0
00000174   TACCR1
00000176   TACCR2
00000180   TBCTL
00000182   TBCCTL0
00000184   TBCCTL1
00000186   TBCCTL2
00000190   TBR
00000192   TBCCR0
00000194   TBCCR1
00000196   TBCCR2
000001b0   ADC10CTL0
000001b2   ADC10CTL1
000001b4   ADC10MEM
000001bc   ADC10SA
00000200   _Denorm
00000210   _Eps
00000220   _Hugeval
00000230   _Inf
00000240   _Nan
00000250   _Snan
00000260   _Rteps
00000270   _Xbig
00000278   _Zero
000002d8   flowing_str
000002f0   carry_table
000002f8   c_index
000002fa   flag
000002fc   sym_count
000002fe   _Fenv
00000302   _Tls_setup__Fenv
00000304   _lock
00000306   _unlock
00000308   _Errno
0000030a   first_line
0000031a   sym_pos
0000031e   result_str
0000032e   first_para
00000338   second_para
00000342   para
000005b0   _stack
00000600   __STACK_END
000010f8   CALDCO_16MHZ
000010f9   CALBC1_16MHZ
000010fa   CALDCO_12MHZ
000010fb   CALBC1_12MHZ
000010fc   CALDCO_8MHZ
000010fd   CALBC1_8MHZ
000010fe   CALDCO_1MHZ
000010ff   CALBC1_1MHZ
00008000   Key_Press
00008702   LongToString
00008c1c   _frcdivd
0000907a   _frcmpyd
00009372   __mspabi_addd
0000965a   _frcaddd
000098c8   __mspabi_mpyd
00009b1e   __mspabi_divd
00009d56   sqrt
00009f4e   _Dscale
0000a0fc   Calc
0000a224   _Dnorm
0000a334   ScreenOn
0000a408   _renormd
0000a4c8   __mspabi_fltlid
0000a578   __mspabi_fixdli
0000a600   _Dunscale
0000a676   LCD1602_Init
0000a6e6   Formula_Parse
0000a752   StringToLong
0000a810   _auto_init
0000a86e   __mspabi_srll_15
0000a874   __mspabi_srll_14
0000a87a   __mspabi_srll_13
0000a880   __mspabi_srll_12
0000a886   __mspabi_srll_11
0000a88c   __mspabi_srll_10
0000a892   __mspabi_srll_9
0000a898   __mspabi_srll_8
0000a89e   __mspabi_srll_7
0000a8a4   __mspabi_srll_6
0000a8aa   __mspabi_srll_5
0000a8b0   __mspabi_srll_4
0000a8b6   __mspabi_srll_3
0000a8bc   __mspabi_srll_2
0000a8c2   __mspabi_srll_1
0000a8ca   __mspabi_divul
0000a8ca   __mspabi_remul
0000a922   __mspabi_srli
0000a930   __mspabi_srli_15
0000a934   __mspabi_srli_14
0000a938   __mspabi_srli_13
0000a93c   __mspabi_srli_12
0000a940   __mspabi_srli_11
0000a944   __mspabi_srli_10
0000a948   __mspabi_srli_9
0000a94c   __mspabi_srli_8
0000a950   __mspabi_srli_7
0000a954   __mspabi_srli_6
0000a958   __mspabi_srli_5
0000a95c   __mspabi_srli_4
0000a960   __mspabi_srli_3
0000a964   __mspabi_srli_2
0000a968   __mspabi_srli_1
0000a96e   __mspabi_divli
0000a96e   __mspabi_remli
0000a9ae   __mspabi_sral_15
0000a9b2   __mspabi_sral_14
0000a9b6   __mspabi_sral_13
0000a9ba   __mspabi_sral_12
0000a9be   __mspabi_sral_11
0000a9c2   __mspabi_sral_10
0000a9c6   __mspabi_sral_9
0000a9ca   __mspabi_sral_8
0000a9ce   __mspabi_sral_7
0000a9d2   __mspabi_sral_6
0000a9d6   __mspabi_sral_5
0000a9da   __mspabi_sral_4
0000a9de   __mspabi_sral_3
0000a9e2   __mspabi_sral_2
0000a9e6   __mspabi_sral_1
0000a9ec   __mspabi_slll_15
0000a9f0   __mspabi_slll_14
0000a9f4   __mspabi_slll_13
0000a9f8   __mspabi_slll_12
0000a9fc   __mspabi_slll_11
0000aa00   __mspabi_slll_10
0000aa04   __mspabi_slll_9
0000aa08   __mspabi_slll_8
0000aa0c   __mspabi_slll_7
0000aa10   __mspabi_slll_6
0000aa14   __mspabi_slll_5
0000aa18   __mspabi_slll_4
0000aa1c   __mspabi_slll_3
0000aa20   __mspabi_slll_2
0000aa24   __mspabi_slll_1
0000aa2a   Reset
0000aa60   signal
0000aa96   _Feraise
0000aac8   main
0000aaf8   raise
0000ab28   feraiseexcept
0000ab56   __mspabi_srai
0000ab62   __mspabi_srai_15
0000ab64   __mspabi_srai_14
0000ab66   __mspabi_srai_13
0000ab68   __mspabi_srai_12
0000ab6a   __mspabi_srai_11
0000ab6c   __mspabi_srai_10
0000ab6e   __mspabi_srai_9
0000ab70   __mspabi_srai_8
0000ab72   __mspabi_srai_7
0000ab74   __mspabi_srai_6
0000ab76   __mspabi_srai_5
0000ab78   __mspabi_srai_4
0000ab7a   __mspabi_srai_3
0000ab7c   __mspabi_srai_2
0000ab7e   __mspabi_srai_1
0000ab82   __mspabi_divi
0000ab82   __mspabi_remi
0000abae   __mspabi_slli
0000abba   __mspabi_slli_15
0000abbc   __mspabi_slli_14
0000abbe   __mspabi_slli_13
0000abc0   __mspabi_slli_12
0000abc2   __mspabi_slli_11
0000abc4   __mspabi_slli_10
0000abc6   __mspabi_slli_9
0000abc8   __mspabi_slli_8
0000abca   __mspabi_slli_7
0000abcc   __mspabi_slli_6
0000abce   __mspabi_slli_5
0000abd0   __mspabi_slli_4
0000abd2   __mspabi_slli_3
0000abd4   __mspabi_slli_2
0000abd6   __mspabi_slli_1
0000abda   __mspabi_negd
0000ac04   Key_Init
0000ac2c   __mspabi_mpyl
0000ac52   LCD1602_Write_Command
0000ac76   LCD1602_Write_Data
0000ac92   LCD1602_Write_String
0000acae   _c_int00
0000acae   _c_int00_noexit
0000acc8   delay_1ms
0000acde   __mspabi_divu
0000acde   __mspabi_remu
0000acf4   LCD1602_Set_XY
0000ad08   __TI_zero_init
0000ad1c   __mspabi_mpyi
0000ad30   LCD1602_Write_EN
0000ad42   __TI_decompress_none
0000ad54   delay_nms
0000ad66   delay_nus
0000ad78   __mspabi_srll
0000ad8a   memcpy
0000ad9c   __mspabi_sral
0000adac   __mspabi_slll
0000adbc   __mspabi_func_epilog_7
0000adbe   __mspabi_func_epilog_6
0000adc0   __mspabi_func_epilog_5
0000adc2   __mspabi_func_epilog_4
0000adc4   __mspabi_func_epilog_3
0000adc6   __mspabi_func_epilog_2
0000adc8   __mspabi_func_epilog_1
0000adcc   __TI_decompress_rle24
0000add2   _system_pre_init
0000add6   C$$EXIT
0000add6   abort
0000adda   _nop
0000addc   delay_1us
0000ae38   __TI_Handler_Table_Base
0000ae3e   __TI_Handler_Table_Limit
0000ae42   __TI_CINIT_Base
0000ae4a   __TI_CINIT_Limit
0000fffe   _reset_vector
ffffffff   __binit__
ffffffff   __c_args__
ffffffff   binit
UNDEFED    __TI_INITARRAY_Base
UNDEFED    __TI_INITARRAY_Limit

[294 symbols]
