******************************************************************************
                  MSP430 Linker PC v4.1.1                      
******************************************************************************
>> Linked Sun Jan 04 22:26:13 2015

OUTPUT FILE NAME:   <Nokia 5110 Driver.out>
ENTRY POINT SYMBOL: "_c_int00"  address: 0000c8b8


MEMORY CONFIGURATION

         name            origin    length      used     unused   attr    fill
----------------------  --------  ---------  --------  --------  ----  --------
  SFR                   00000000   00000010  00000000  00000010  RWIX
  PERIPHERALS_8BIT      00000010   000000f0  00000000  000000f0  RWIX
  PERIPHERALS_16BIT     00000100   00000100  00000000  00000100  RWIX
  RAM                   00000200   00000200  0000018f  00000071  RWIX
  INFOD                 00001000   00000040  00000000  00000040  RWIX
  INFOC                 00001040   00000040  00000000  00000040  RWIX
  INFOB                 00001080   00000040  00000000  00000040  RWIX
  INFOA                 000010c0   00000040  00000000  00000040  RWIX
  FLASH                 0000c000   00003fe0  00000982  0000365e  RWIX
  INT00                 0000ffe0   00000002  00000000  00000002  RWIX
  INT01                 0000ffe2   00000002  00000000  00000002  RWIX
  INT02                 0000ffe4   00000002  00000002  00000000  RWIX
  INT03                 0000ffe6   00000002  00000002  00000000  RWIX
  INT04                 0000ffe8   00000002  00000000  00000002  RWIX
  INT05                 0000ffea   00000002  00000000  00000002  RWIX
  INT06                 0000ffec   00000002  00000000  00000002  RWIX
  INT07                 0000ffee   00000002  00000000  00000002  RWIX
  INT08                 0000fff0   00000002  00000000  00000002  RWIX
  INT09                 0000fff2   00000002  00000002  00000000  RWIX
  INT10                 0000fff4   00000002  00000000  00000002  RWIX
  INT11                 0000fff6   00000002  00000000  00000002  RWIX
  INT12                 0000fff8   00000002  00000000  00000002  RWIX
  INT13                 0000fffa   00000002  00000000  00000002  RWIX
  INT14                 0000fffc   00000002  00000000  00000002  RWIX
  RESET                 0000fffe   00000002  00000002  00000000  RWIX


SECTION ALLOCATION MAP

 output                                  attributes/
section   page    origin      length       input sections
--------  ----  ----------  ----------   ----------------
.init_array 
*          0    0000c000    00000000     UNINITIALIZED

.bss       0    00000200    0000013a     UNINITIALIZED
                  00000200    0000013a     main.obj (.bss)

.TI.noinit 
*          0    00000200    00000000     UNINITIALIZED

.data      0    0000033a    00000005     
                  0000033a    00000005     main.obj (.data)

.TI.persistent 
*          0    0000033a    00000000     UNINITIALIZED

.stack     0    000003b0    00000050     UNINITIALIZED
                  000003b0    00000002     rts430_eabi.lib : boot.obj (.stack)
                  000003b2    0000004e     --HOLE--

.text      0    0000c000    0000095e     
                  0000c000    00000142     main.obj (.text:N_DrawPoint)
                  0000c142    00000140     main.obj (.text:Running)
                  0000c282    00000106     main.obj (.text:Mapping_VRAM_Write)
                  0000c388    000000e6     main.obj (.text:Port_2)
                  0000c46e    00000092     main.obj (.text:Wall_Display)
                  0000c500    00000082     main.obj (.text:N5110_Init)
                  0000c582    00000074     main.obj (.text:Port_1)
                  0000c5f6    0000005e     rts430_eabi.lib : copy_decompress_rle.obj (.text:__TI_decompress_rle_core)
                  0000c654    0000005e                     : autoinit.obj (.text:_auto_init)
                  0000c6b2    0000005a     main.obj (.text:main)
                  0000c70c    0000004e     main.obj (.text:N5110_WriteByte)
                  0000c75a    00000046     main.obj (.text:Key_Init)
                  0000c7a0    00000036     main.obj (.text:Frame_Clear)
                  0000c7d6    00000032     main.obj (.text:N5110_Clear)
                  0000c808    00000030     main.obj (.text:Frame_Refresh)
                  0000c838    0000002e     main.obj (.text:feeding)
                  0000c866    0000002c     rts430_eabi.lib : div16s.obj (.text)
                  0000c892    00000026     main.obj (.text:N5110_SetXY)
                  0000c8b8    0000001a     rts430_eabi.lib : boot.obj (.text:_c_int00_noexit)
                  0000c8d2    00000016                     : div16u.obj (.text)
                  0000c8e8    00000014                     : copy_zero_init.obj (.text:decompress:ZI:__TI_zero_init)
                  0000c8fc    00000014                     : mult16.obj (.text)
                  0000c910    00000012                     : copy_decompress_none.obj (.text:decompress:none:__TI_decompress_none)
                  0000c922    00000012                     : memcpy.obj (.text:memcpy)
                  0000c934    00000010                     : epilog.obj (.text)
                  0000c944    00000006     main.obj (.text:Timer_A)
                  0000c94a    00000006     rts430_eabi.lib : copy_decompress_rle.obj (.text:decompress:rle24:__TI_decompress_rle24)
                  0000c950    00000006     main.obj (.text:rand)
                  0000c956    00000004     rts430_eabi.lib : pre_init.obj (.text:_system_pre_init)
                  0000c95a    00000004                     : exit.obj (.text:abort)

.const     0    0000c95e    00000008     
                  0000c95e    00000008     main.obj (.const:direct)

.cinit     0    0000c966    0000001c     
                  0000c966    00000009     (.cinit..data.load) [load image]
                  0000c96f    00000001     --HOLE-- [fill = 0]
                  0000c970    00000006     (__TI_handler_table)
                  0000c976    00000004     (.cinit..bss.load) [load image, compression = zero_init]
                  0000c97a    00000008     (__TI_cinit_table)

PORT1      0    0000ffe4    00000002     
                  0000ffe4    00000002     main.obj (.int02)

PORT2      0    0000ffe6    00000002     
                  0000ffe6    00000002     main.obj (.int03)

TIMER0_A0 
*          0    0000fff2    00000002     
                  0000fff2    00000002     main.obj (.int09)

.reset     0    0000fffe    00000002     
                  0000fffe    00000002     rts430_eabi.lib : boot.obj (.reset)


LINKER GENERATED COPY TABLES

__TI_cinit_table @ 0000c97a records: 2, size/record: 4, table size: 8
	.data: load addr=0000c966, load size=00000009 bytes, run addr=0000033a, run size=00000005 bytes, compression=copy
	.bss: load addr=0000c976, load size=00000004 bytes, run addr=00000200, run size=0000013a bytes, compression=zero_init


LINKER GENERATED HANDLER TABLE

__TI_handler_table @ 0000c970 records: 3, size/record: 2, table size: 6
	index: 0, handler: __TI_zero_init
	index: 1, handler: __TI_decompress_rle24
	index: 2, handler: __TI_decompress_none


GLOBAL SYMBOLS: SORTED ALPHABETICALLY BY Name 

address    name
--------   ----
0000004a   ADC10AE0
000001b0   ADC10CTL0
000001b2   ADC10CTL1
00000048   ADC10DTC0
00000049   ADC10DTC1
000001b4   ADC10MEM
000001bc   ADC10SA
00000057   BCSCTL1
00000058   BCSCTL2
00000053   BCSCTL3
0000c95a   C$$EXIT
00000059   CACTL1
0000005a   CACTL2
000010fb   CALBC1_12MHZ
000010f9   CALBC1_16MHZ
000010ff   CALBC1_1MHZ
000010fd   CALBC1_8MHZ
000010fa   CALDCO_12MHZ
000010f8   CALDCO_16MHZ
000010fe   CALDCO_1MHZ
000010fc   CALDCO_8MHZ
0000005b   CAPD
00000056   DCOCTL
00000128   FCTL1
0000012a   FCTL2
0000012c   FCTL3
0000c7a0   Frame_Clear
0000c808   Frame_Refresh
0000c46e   Game_Init
00000000   IE1
00000001   IE2
00000002   IFG1
00000003   IFG2
0000c75a   Key_Init
0000c282   Mapping_VRAM_Write
0000c7d6   N5110_Clear
0000c500   N5110_Init
0000c892   N5110_SetXY
0000c70c   N5110_WriteByte
0000c000   N_DrawPoint
00000022   P1DIR
00000025   P1IE
00000024   P1IES
00000023   P1IFG
00000020   P1IN
00000021   P1OUT
00000027   P1REN
00000026   P1SEL
00000041   P1SEL2
0000002a   P2DIR
0000002d   P2IE
0000002c   P2IES
0000002b   P2IFG
00000028   P2IN
00000029   P2OUT
0000002f   P2REN
0000002e   P2SEL
00000042   P2SEL2
0000001a   P3DIR
00000018   P3IN
00000019   P3OUT
00000010   P3REN
0000001b   P3SEL
00000043   P3SEL2
0000c582   Port_1
0000c388   Port_2
0000c142   Running
00000172   TA0CCR0
00000174   TA0CCR1
00000176   TA0CCR2
00000162   TA0CCTL0
00000164   TA0CCTL1
00000166   TA0CCTL2
00000160   TA0CTL
0000012e   TA0IV
00000170   TA0R
00000192   TA1CCR0
00000194   TA1CCR1
00000196   TA1CCR2
00000182   TA1CCTL0
00000184   TA1CCTL1
00000186   TA1CCTL2
00000180   TA1CTL
0000011e   TA1IV
00000190   TA1R
0000c944   Timer_A
0000005d   UCA0ABCTL
00000062   UCA0BR0
00000063   UCA0BR1
00000060   UCA0CTL0
00000061   UCA0CTL1
0000005f   UCA0IRRCTL
0000005e   UCA0IRTCTL
00000064   UCA0MCTL
00000066   UCA0RXBUF
00000065   UCA0STAT
00000067   UCA0TXBUF
0000006a   UCB0BR0
0000006b   UCB0BR1
00000068   UCB0CTL0
00000069   UCB0CTL1
0000006c   UCB0I2CIE
00000118   UCB0I2COA
0000011a   UCB0I2CSA
0000006e   UCB0RXBUF
0000006d   UCB0STAT
0000006f   UCB0TXBUF
00000120   WDTCTL
0000c46e   Wall_Display
00000400   __STACK_END
00000050   __STACK_SIZE
0000c97a   __TI_CINIT_Base
0000c982   __TI_CINIT_Limit
0000c970   __TI_Handler_Table_Base
0000c976   __TI_Handler_Table_Limit
UNDEFED    __TI_INITARRAY_Base
UNDEFED    __TI_INITARRAY_Limit
00000001   __TI_args_main
0000c910   __TI_decompress_none
0000c94a   __TI_decompress_rle24
00000001   __TI_exit
0000c8e8   __TI_zero_init
ffffffff   __binit__
ffffffff   __c_args__
0000c866   __mspabi_divi
0000c8d2   __mspabi_divu
0000c940   __mspabi_func_epilog_1
0000c93e   __mspabi_func_epilog_2
0000c93c   __mspabi_func_epilog_3
0000c93a   __mspabi_func_epilog_4
0000c938   __mspabi_func_epilog_5
0000c936   __mspabi_func_epilog_6
0000c934   __mspabi_func_epilog_7
0000c8fc   __mspabi_mpyi
0000c866   __mspabi_remi
0000c8d2   __mspabi_remu
0000c654   _auto_init
0000c8b8   _c_int00
0000c8b8   _c_int00_noexit
0000fffe   _reset_vector
000003b0   _stack
0000c956   _system_pre_init
0000c95a   abort
ffffffff   binit
0000c95e   direct
0000c838   feeding
0000033b   food
0000c6b2   main
00000200   map
0000c922   memcpy
0000c950   rand
000002fc   rand_seed
000002fe   s
0000033e   snake_len
0000033a   start


GLOBAL SYMBOLS: SORTED BY Symbol Address 

address    name
--------   ----
00000000   IE1
00000001   IE2
00000001   __TI_args_main
00000001   __TI_exit
00000002   IFG1
00000003   IFG2
00000010   P3REN
00000018   P3IN
00000019   P3OUT
0000001a   P3DIR
0000001b   P3SEL
00000020   P1IN
00000021   P1OUT
00000022   P1DIR
00000023   P1IFG
00000024   P1IES
00000025   P1IE
00000026   P1SEL
00000027   P1REN
00000028   P2IN
00000029   P2OUT
0000002a   P2DIR
0000002b   P2IFG
0000002c   P2IES
0000002d   P2IE
0000002e   P2SEL
0000002f   P2REN
00000041   P1SEL2
00000042   P2SEL2
00000043   P3SEL2
00000048   ADC10DTC0
00000049   ADC10DTC1
0000004a   ADC10AE0
00000050   __STACK_SIZE
00000053   BCSCTL3
00000056   DCOCTL
00000057   BCSCTL1
00000058   BCSCTL2
00000059   CACTL1
0000005a   CACTL2
0000005b   CAPD
0000005d   UCA0ABCTL
0000005e   UCA0IRTCTL
0000005f   UCA0IRRCTL
00000060   UCA0CTL0
00000061   UCA0CTL1
00000062   UCA0BR0
00000063   UCA0BR1
00000064   UCA0MCTL
00000065   UCA0STAT
00000066   UCA0RXBUF
00000067   UCA0TXBUF
00000068   UCB0CTL0
00000069   UCB0CTL1
0000006a   UCB0BR0
0000006b   UCB0BR1
0000006c   UCB0I2CIE
0000006d   UCB0STAT
0000006e   UCB0RXBUF
0000006f   UCB0TXBUF
00000118   UCB0I2COA
0000011a   UCB0I2CSA
0000011e   TA1IV
00000120   WDTCTL
00000128   FCTL1
0000012a   FCTL2
0000012c   FCTL3
0000012e   TA0IV
00000160   TA0CTL
00000162   TA0CCTL0
00000164   TA0CCTL1
00000166   TA0CCTL2
00000170   TA0R
00000172   TA0CCR0
00000174   TA0CCR1
00000176   TA0CCR2
00000180   TA1CTL
00000182   TA1CCTL0
00000184   TA1CCTL1
00000186   TA1CCTL2
00000190   TA1R
00000192   TA1CCR0
00000194   TA1CCR1
00000196   TA1CCR2
000001b0   ADC10CTL0
000001b2   ADC10CTL1
000001b4   ADC10MEM
000001bc   ADC10SA
00000200   map
000002fc   rand_seed
000002fe   s
0000033a   start
0000033b   food
0000033e   snake_len
000003b0   _stack
00000400   __STACK_END
000010f8   CALDCO_16MHZ
000010f9   CALBC1_16MHZ
000010fa   CALDCO_12MHZ
000010fb   CALBC1_12MHZ
000010fc   CALDCO_8MHZ
000010fd   CALBC1_8MHZ
000010fe   CALDCO_1MHZ
000010ff   CALBC1_1MHZ
0000c000   N_DrawPoint
0000c142   Running
0000c282   Mapping_VRAM_Write
0000c388   Port_2
0000c46e   Game_Init
0000c46e   Wall_Display
0000c500   N5110_Init
0000c582   Port_1
0000c654   _auto_init
0000c6b2   main
0000c70c   N5110_WriteByte
0000c75a   Key_Init
0000c7a0   Frame_Clear
0000c7d6   N5110_Clear
0000c808   Frame_Refresh
0000c838   feeding
0000c866   __mspabi_divi
0000c866   __mspabi_remi
0000c892   N5110_SetXY
0000c8b8   _c_int00
0000c8b8   _c_int00_noexit
0000c8d2   __mspabi_divu
0000c8d2   __mspabi_remu
0000c8e8   __TI_zero_init
0000c8fc   __mspabi_mpyi
0000c910   __TI_decompress_none
0000c922   memcpy
0000c934   __mspabi_func_epilog_7
0000c936   __mspabi_func_epilog_6
0000c938   __mspabi_func_epilog_5
0000c93a   __mspabi_func_epilog_4
0000c93c   __mspabi_func_epilog_3
0000c93e   __mspabi_func_epilog_2
0000c940   __mspabi_func_epilog_1
0000c944   Timer_A
0000c94a   __TI_decompress_rle24
0000c950   rand
0000c956   _system_pre_init
0000c95a   C$$EXIT
0000c95a   abort
0000c95e   direct
0000c970   __TI_Handler_Table_Base
0000c976   __TI_Handler_Table_Limit
0000c97a   __TI_CINIT_Base
0000c982   __TI_CINIT_Limit
0000fffe   _reset_vector
ffffffff   __binit__
ffffffff   __c_args__
ffffffff   binit
UNDEFED    __TI_INITARRAY_Base
UNDEFED    __TI_INITARRAY_Limit

[155 symbols]
