******************************************************************************
                  MSP430 Linker PC v4.1.1                      
******************************************************************************
>> Linked Mon Jun 29 20:13:52 2015

OUTPUT FILE NAME:   <TMP.out>
ENTRY POINT SYMBOL: "_c_int00"  address: 0000d7ba


MEMORY CONFIGURATION

         name            origin    length      used     unused   attr    fill
----------------------  --------  ---------  --------  --------  ----  --------
  SFR                   00000000   00000010  00000000  00000010  RWIX
  PERIPHERALS_8BIT      00000010   000000f0  00000000  000000f0  RWIX
  PERIPHERALS_16BIT     00000100   00000100  00000000  00000100  RWIX
  RAM                   00000200   00000200  000000b1  0000014f  RWIX
  INFOD                 00001000   00000040  00000000  00000040  RWIX
  INFOC                 00001040   00000040  00000000  00000040  RWIX
  INFOB                 00001080   00000040  00000000  00000040  RWIX
  INFOA                 000010c0   00000040  00000000  00000040  RWIX
  FLASH                 0000c000   00003fe0  000018aa  00002736  RWIX
  INT00                 0000ffe0   00000002  00000000  00000002  RWIX
  INT01                 0000ffe2   00000002  00000000  00000002  RWIX
  INT02                 0000ffe4   00000002  00000000  00000002  RWIX
  INT03                 0000ffe6   00000002  00000000  00000002  RWIX
  INT04                 0000ffe8   00000002  00000000  00000002  RWIX
  INT05                 0000ffea   00000002  00000000  00000002  RWIX
  INT06                 0000ffec   00000002  00000000  00000002  RWIX
  INT07                 0000ffee   00000002  00000000  00000002  RWIX
  INT08                 0000fff0   00000002  00000000  00000002  RWIX
  INT09                 0000fff2   00000002  00000000  00000002  RWIX
  INT10                 0000fff4   00000002  00000000  00000002  RWIX
  INT11                 0000fff6   00000002  00000000  00000002  RWIX
  INT12                 0000fff8   00000002  00000000  00000002  RWIX
  INT13                 0000fffa   00000002  00000000  00000002  RWIX
  INT14                 0000fffc   00000002  00000000  00000002  RWIX
  RESET                 0000fffe   00000002  00000002  00000000  RWIX


SECTION ALLOCATION MAP

 output                                  attributes/
section   page    origin      length       input sections
--------  ----  ----------  ----------   ----------------
.init_array 
*          0    0000c000    00000000     UNINITIALIZED

.bss       0    00000200    00000056     UNINITIALIZED
                  00000200    00000056     main.obj (.bss)

.TI.noinit 
*          0    00000200    00000000     UNINITIALIZED

.data      0    00000256    0000000b     
                  00000256    00000005     main.obj (.data:RX_ADDRESS)
                  0000025b    00000001     --HOLE--
                  0000025c    00000005     main.obj (.data:TX_ADDRESS)

.TI.persistent 
*          0    00000256    00000000     UNINITIALIZED

.stack     0    000003b0    00000050     UNINITIALIZED
                  000003b0    00000002     rts430_eabi.lib : boot.obj (.stack)
                  000003b2    0000004e     --HOLE--

.text      0    0000c000    00001888     
                  0000c000    0000045e     rts430_eabi.lib : frcdivd.obj (.text:_frcdivd)
                  0000c45e    000002f8                     : frcmpyd.obj (.text:_frcmpyd)
                  0000c756    00000256                     : mpyd.obj (.text:__mspabi_mpyd)
                  0000c9ac    00000238                     : divd.obj (.text:__mspabi_divd)
                  0000cbe4    00000130                     : fs_add.obj (.text)
                  0000cd14    000000fe     main.obj (.text:TemperatureToString)
                  0000ce12    000000c2     rts430_eabi.lib : fs_mpy.obj (.text)
                  0000ced4    000000a8                     : cvtdf.obj (.text:__mspabi_cvtdf)
                  0000cf7c    00000096     main.obj (.text:main)
                  0000d012    00000090     rts430_eabi.lib : fltuld.obj (.text:__mspabi_fltuld)
                  0000d0a2    0000008c     main.obj (.text:DS18B20_ReadTemp)
                  0000d12e    0000008c     main.obj (.text:init_NRF24L01)
                  0000d1ba    0000008a     rts430_eabi.lib : fixdul.obj (.text:__mspabi_fixdul)
                  0000d244    00000068                     : fs_toi.obj (.text)
                  0000d2ac    0000005e                     : copy_decompress_rle.obj (.text:__TI_decompress_rle_core)
                  0000d30a    0000005e                     : autoinit.obj (.text:_auto_init)
                  0000d368    0000005c                     : lsr32.obj (.text:l_lsr_const)
                  0000d3c4    00000052     main.obj (.text:NRF_TxPacket)
                  0000d416    0000004c     rts430_eabi.lib : lsr16.obj (.text)
                  0000d462    00000046                     : fs_tou.obj (.text)
                  0000d4a8    00000042     main.obj (.text:DS18B20_Init)
                  0000d4ea    00000042     main.obj (.text:DS18B20_WriteBit)
                  0000d52c    0000003e     main.obj (.text:SPI_RW)
                  0000d56a    0000003e     rts430_eabi.lib : asr32.obj (.text:l_asr_const)
                  0000d5a8    0000003e                     : lsl32.obj (.text:l_lsl_const)
                  0000d5e6    00000038     main.obj (.text:SetTX_Mode)
                  0000d61e    00000036     rts430_eabi.lib : fs_itof.obj (.text)
                  0000d654    0000002e     main.obj (.text:SPI_Write_Buf)
                  0000d682    0000002c     main.obj (.text:DS18B20_ReadBit)
                  0000d6ae    0000002c     rts430_eabi.lib : asr16.obj (.text)
                  0000d6da    0000002c                     : div16s.obj (.text)
                  0000d706    0000002c                     : lsl16.obj (.text)
                  0000d732    00000028     main.obj (.text:DS18B20_ReadByte)
                  0000d75a    00000026     rts430_eabi.lib : mult32.obj (.text)
                  0000d780    0000001e     main.obj (.text:SPI_RW_Reg)
                  0000d79e    0000001c     main.obj (.text:DS18B20_WriteByte)
                  0000d7ba    0000001a     rts430_eabi.lib : boot.obj (.text:_c_int00_noexit)
                  0000d7d4    00000016                     : div16u.obj (.text)
                  0000d7ea    00000014     main.obj (.text:SPI_Read)
                  0000d7fe    00000014     rts430_eabi.lib : copy_zero_init.obj (.text:decompress:ZI:__TI_zero_init)
                  0000d812    00000014                     : mult16.obj (.text)
                  0000d826    00000012                     : copy_decompress_none.obj (.text:decompress:none:__TI_decompress_none)
                  0000d838    00000012                     : lsr32.obj (.text:l_lsr)
                  0000d84a    00000012                     : memcpy.obj (.text:memcpy)
                  0000d85c    00000010                     : epilog.obj (.text)
                  0000d86c    0000000e     main.obj (.text:nrf24l01_Init_IO)
                  0000d87a    00000006     rts430_eabi.lib : copy_decompress_rle.obj (.text:decompress:rle24:__TI_decompress_rle24)
                  0000d880    00000004                     : pre_init.obj (.text:_system_pre_init)
                  0000d884    00000004                     : exit.obj (.text:abort)

.cinit     0    0000d888    00000022     
                  0000d888    0000000f     (.cinit..data.load) [load image]
                  0000d897    00000001     --HOLE-- [fill = 0]
                  0000d898    00000006     (__TI_handler_table)
                  0000d89e    00000004     (.cinit..bss.load) [load image, compression = zero_init]
                  0000d8a2    00000008     (__TI_cinit_table)

.reset     0    0000fffe    00000002     
                  0000fffe    00000002     rts430_eabi.lib : boot.obj (.reset)


LINKER GENERATED COPY TABLES

__TI_cinit_table @ 0000d8a2 records: 2, size/record: 4, table size: 8
	.data: load addr=0000d888, load size=0000000f bytes, run addr=00000256, run size=0000000b bytes, compression=copy
	.bss: load addr=0000d89e, load size=00000004 bytes, run addr=00000200, run size=00000056 bytes, compression=zero_init


LINKER GENERATED HANDLER TABLE

__TI_handler_table @ 0000d898 records: 3, size/record: 2, table size: 6
	index: 0, handler: __TI_zero_init
	index: 1, handler: __TI_decompress_rle24
	index: 2, handler: __TI_decompress_none


GLOBAL SYMBOLS: SORTED ALPHABETICALLY BY Name 

address    name
--------   ----
0000004a   ADC10AE0
000001b0   ADC10CTL0
000001b2   ADC10CTL1
00000048   ADC10DTC0
00000049   ADC10DTC1
000001b4   ADC10MEM
000001bc   ADC10SA
00000057   BCSCTL1
00000058   BCSCTL2
00000053   BCSCTL3
0000d884   C$$EXIT
00000059   CACTL1
0000005a   CACTL2
000010fb   CALBC1_12MHZ
000010f9   CALBC1_16MHZ
000010ff   CALBC1_1MHZ
000010fd   CALBC1_8MHZ
000010fa   CALDCO_12MHZ
000010f8   CALDCO_16MHZ
000010fe   CALDCO_1MHZ
000010fc   CALDCO_8MHZ
0000005b   CAPD
00000056   DCOCTL
0000d4a8   DS18B20_Init
0000d682   DS18B20_ReadBit
0000d732   DS18B20_ReadByte
0000d0a2   DS18B20_ReadTemp
0000d4ea   DS18B20_WriteBit
0000d79e   DS18B20_WriteByte
00000128   FCTL1
0000012a   FCTL2
0000012c   FCTL3
00000000   IE1
00000001   IE2
00000002   IFG1
00000003   IFG2
0000d3c4   NRF_TxPacket
00000022   P1DIR
00000025   P1IE
00000024   P1IES
00000023   P1IFG
00000020   P1IN
00000021   P1OUT
00000027   P1REN
00000026   P1SEL
00000041   P1SEL2
0000002a   P2DIR
0000002d   P2IE
0000002c   P2IES
0000002b   P2IFG
00000028   P2IN
00000029   P2OUT
0000002f   P2REN
0000002e   P2SEL
00000042   P2SEL2
0000001a   P3DIR
00000018   P3IN
00000019   P3OUT
00000010   P3REN
0000001b   P3SEL
00000043   P3SEL2
00000256   RX_ADDRESS
0000d52c   SPI_RW
0000d780   SPI_RW_Reg
0000d7ea   SPI_Read
0000d654   SPI_Write_Buf
0000d5e6   SetTX_Mode
00000172   TA0CCR0
00000174   TA0CCR1
00000176   TA0CCR2
00000162   TA0CCTL0
00000164   TA0CCTL1
00000166   TA0CCTL2
00000160   TA0CTL
0000012e   TA0IV
00000170   TA0R
00000192   TA1CCR0
00000194   TA1CCR1
00000196   TA1CCR2
00000182   TA1CCTL0
00000184   TA1CCTL1
00000186   TA1CCTL2
00000180   TA1CTL
0000011e   TA1IV
00000190   TA1R
0000025c   TX_ADDRESS
00000246   Temp_str
00000242   Temperature
0000cd14   TemperatureToString
0000005d   UCA0ABCTL
00000062   UCA0BR0
00000063   UCA0BR1
00000060   UCA0CTL0
00000061   UCA0CTL1
0000005f   UCA0IRRCTL
0000005e   UCA0IRTCTL
00000064   UCA0MCTL
00000066   UCA0RXBUF
00000065   UCA0STAT
00000067   UCA0TXBUF
0000006a   UCB0BR0
0000006b   UCB0BR1
00000068   UCB0CTL0
00000069   UCB0CTL1
0000006c   UCB0I2CIE
00000118   UCB0I2COA
0000011a   UCB0I2CSA
0000006e   UCB0RXBUF
0000006d   UCB0STAT
0000006f   UCB0TXBUF
00000120   WDTCTL
00000400   __STACK_END
00000050   __STACK_SIZE
0000d8a2   __TI_CINIT_Base
0000d8aa   __TI_CINIT_Limit
0000d898   __TI_Handler_Table_Base
0000d89e   __TI_Handler_Table_Limit
UNDEFED    __TI_INITARRAY_Base
UNDEFED    __TI_INITARRAY_Limit
00000001   __TI_args_main
0000d826   __TI_decompress_none
0000d87a   __TI_decompress_rle24
00000001   __TI_exit
0000d7fe   __TI_zero_init
ffffffff   __binit__
ffffffff   __c_args__
0000cbea   __mspabi_addf
0000ced4   __mspabi_cvtdf
0000c9ac   __mspabi_divd
0000d6da   __mspabi_divi
0000d7d4   __mspabi_divu
0000d1ba   __mspabi_fixdul
0000d244   __mspabi_fixfi
0000d462   __mspabi_fixfu
0000d61e   __mspabi_fltif
0000d012   __mspabi_fltuld
0000d868   __mspabi_func_epilog_1
0000d866   __mspabi_func_epilog_2
0000d864   __mspabi_func_epilog_3
0000d862   __mspabi_func_epilog_4
0000d860   __mspabi_func_epilog_5
0000d85e   __mspabi_func_epilog_6
0000d85c   __mspabi_func_epilog_7
0000c756   __mspabi_mpyd
0000ce12   __mspabi_mpyf
0000d812   __mspabi_mpyi
0000d75a   __mspabi_mpyl
0000d6da   __mspabi_remi
0000d7d4   __mspabi_remu
0000d706   __mspabi_slli
0000d72e   __mspabi_slli_1
0000d71c   __mspabi_slli_10
0000d71a   __mspabi_slli_11
0000d718   __mspabi_slli_12
0000d716   __mspabi_slli_13
0000d714   __mspabi_slli_14
0000d712   __mspabi_slli_15
0000d72c   __mspabi_slli_2
0000d72a   __mspabi_slli_3
0000d728   __mspabi_slli_4
0000d726   __mspabi_slli_5
0000d724   __mspabi_slli_6
0000d722   __mspabi_slli_7
0000d720   __mspabi_slli_8
0000d71e   __mspabi_slli_9
0000d5e0   __mspabi_slll_1
0000d5bc   __mspabi_slll_10
0000d5b8   __mspabi_slll_11
0000d5b4   __mspabi_slll_12
0000d5b0   __mspabi_slll_13
0000d5ac   __mspabi_slll_14
0000d5a8   __mspabi_slll_15
0000d5dc   __mspabi_slll_2
0000d5d8   __mspabi_slll_3
0000d5d4   __mspabi_slll_4
0000d5d0   __mspabi_slll_5
0000d5cc   __mspabi_slll_6
0000d5c8   __mspabi_slll_7
0000d5c4   __mspabi_slll_8
0000d5c0   __mspabi_slll_9
0000d6ae   __mspabi_srai
0000d6d6   __mspabi_srai_1
0000d6c4   __mspabi_srai_10
0000d6c2   __mspabi_srai_11
0000d6c0   __mspabi_srai_12
0000d6be   __mspabi_srai_13
0000d6bc   __mspabi_srai_14
0000d6ba   __mspabi_srai_15
0000d6d4   __mspabi_srai_2
0000d6d2   __mspabi_srai_3
0000d6d0   __mspabi_srai_4
0000d6ce   __mspabi_srai_5
0000d6cc   __mspabi_srai_6
0000d6ca   __mspabi_srai_7
0000d6c8   __mspabi_srai_8
0000d6c6   __mspabi_srai_9
0000d5a2   __mspabi_sral_1
0000d57e   __mspabi_sral_10
0000d57a   __mspabi_sral_11
0000d576   __mspabi_sral_12
0000d572   __mspabi_sral_13
0000d56e   __mspabi_sral_14
0000d56a   __mspabi_sral_15
0000d59e   __mspabi_sral_2
0000d59a   __mspabi_sral_3
0000d596   __mspabi_sral_4
0000d592   __mspabi_sral_5
0000d58e   __mspabi_sral_6
0000d58a   __mspabi_sral_7
0000d586   __mspabi_sral_8
0000d582   __mspabi_sral_9
0000d416   __mspabi_srli
0000d45c   __mspabi_srli_1
0000d438   __mspabi_srli_10
0000d434   __mspabi_srli_11
0000d430   __mspabi_srli_12
0000d42c   __mspabi_srli_13
0000d428   __mspabi_srli_14
0000d424   __mspabi_srli_15
0000d458   __mspabi_srli_2
0000d454   __mspabi_srli_3
0000d450   __mspabi_srli_4
0000d44c   __mspabi_srli_5
0000d448   __mspabi_srli_6
0000d444   __mspabi_srli_7
0000d440   __mspabi_srli_8
0000d43c   __mspabi_srli_9
0000d838   __mspabi_srll
0000d3bc   __mspabi_srll_1
0000d386   __mspabi_srll_10
0000d380   __mspabi_srll_11
0000d37a   __mspabi_srll_12
0000d374   __mspabi_srll_13
0000d36e   __mspabi_srll_14
0000d368   __mspabi_srll_15
0000d3b6   __mspabi_srll_2
0000d3b0   __mspabi_srll_3
0000d3aa   __mspabi_srll_4
0000d3a4   __mspabi_srll_5
0000d39e   __mspabi_srll_6
0000d398   __mspabi_srll_7
0000d392   __mspabi_srll_8
0000d38c   __mspabi_srll_9
0000cbe4   __mspabi_subf
0000d30a   _auto_init
0000d7ba   _c_int00
0000d7ba   _c_int00_noexit
0000c000   _frcdivd
0000c45e   _frcmpyd
0000fffe   _reset_vector
000003b0   _stack
0000d880   _system_pre_init
0000d884   abort
ffffffff   binit
00000240   flag
0000d12e   init_NRF24L01
0000cf7c   main
0000d84a   memcpy
0000d86c   nrf24l01_Init_IO
00000200   rx_buf
00000241   st
00000220   tx_buf


GLOBAL SYMBOLS: SORTED BY Symbol Address 

address    name
--------   ----
00000000   IE1
00000001   IE2
00000001   __TI_args_main
00000001   __TI_exit
00000002   IFG1
00000003   IFG2
00000010   P3REN
00000018   P3IN
00000019   P3OUT
0000001a   P3DIR
0000001b   P3SEL
00000020   P1IN
00000021   P1OUT
00000022   P1DIR
00000023   P1IFG
00000024   P1IES
00000025   P1IE
00000026   P1SEL
00000027   P1REN
00000028   P2IN
00000029   P2OUT
0000002a   P2DIR
0000002b   P2IFG
0000002c   P2IES
0000002d   P2IE
0000002e   P2SEL
0000002f   P2REN
00000041   P1SEL2
00000042   P2SEL2
00000043   P3SEL2
00000048   ADC10DTC0
00000049   ADC10DTC1
0000004a   ADC10AE0
00000050   __STACK_SIZE
00000053   BCSCTL3
00000056   DCOCTL
00000057   BCSCTL1
00000058   BCSCTL2
00000059   CACTL1
0000005a   CACTL2
0000005b   CAPD
0000005d   UCA0ABCTL
0000005e   UCA0IRTCTL
0000005f   UCA0IRRCTL
00000060   UCA0CTL0
00000061   UCA0CTL1
00000062   UCA0BR0
00000063   UCA0BR1
00000064   UCA0MCTL
00000065   UCA0STAT
00000066   UCA0RXBUF
00000067   UCA0TXBUF
00000068   UCB0CTL0
00000069   UCB0CTL1
0000006a   UCB0BR0
0000006b   UCB0BR1
0000006c   UCB0I2CIE
0000006d   UCB0STAT
0000006e   UCB0RXBUF
0000006f   UCB0TXBUF
00000118   UCB0I2COA
0000011a   UCB0I2CSA
0000011e   TA1IV
00000120   WDTCTL
00000128   FCTL1
0000012a   FCTL2
0000012c   FCTL3
0000012e   TA0IV
00000160   TA0CTL
00000162   TA0CCTL0
00000164   TA0CCTL1
00000166   TA0CCTL2
00000170   TA0R
00000172   TA0CCR0
00000174   TA0CCR1
00000176   TA0CCR2
00000180   TA1CTL
00000182   TA1CCTL0
00000184   TA1CCTL1
00000186   TA1CCTL2
00000190   TA1R
00000192   TA1CCR0
00000194   TA1CCR1
00000196   TA1CCR2
000001b0   ADC10CTL0
000001b2   ADC10CTL1
000001b4   ADC10MEM
000001bc   ADC10SA
00000200   rx_buf
00000220   tx_buf
00000240   flag
00000241   st
00000242   Temperature
00000246   Temp_str
00000256   RX_ADDRESS
0000025c   TX_ADDRESS
000003b0   _stack
00000400   __STACK_END
000010f8   CALDCO_16MHZ
000010f9   CALBC1_16MHZ
000010fa   CALDCO_12MHZ
000010fb   CALBC1_12MHZ
000010fc   CALDCO_8MHZ
000010fd   CALBC1_8MHZ
000010fe   CALDCO_1MHZ
000010ff   CALBC1_1MHZ
0000c000   _frcdivd
0000c45e   _frcmpyd
0000c756   __mspabi_mpyd
0000c9ac   __mspabi_divd
0000cbe4   __mspabi_subf
0000cbea   __mspabi_addf
0000cd14   TemperatureToString
0000ce12   __mspabi_mpyf
0000ced4   __mspabi_cvtdf
0000cf7c   main
0000d012   __mspabi_fltuld
0000d0a2   DS18B20_ReadTemp
0000d12e   init_NRF24L01
0000d1ba   __mspabi_fixdul
0000d244   __mspabi_fixfi
0000d30a   _auto_init
0000d368   __mspabi_srll_15
0000d36e   __mspabi_srll_14
0000d374   __mspabi_srll_13
0000d37a   __mspabi_srll_12
0000d380   __mspabi_srll_11
0000d386   __mspabi_srll_10
0000d38c   __mspabi_srll_9
0000d392   __mspabi_srll_8
0000d398   __mspabi_srll_7
0000d39e   __mspabi_srll_6
0000d3a4   __mspabi_srll_5
0000d3aa   __mspabi_srll_4
0000d3b0   __mspabi_srll_3
0000d3b6   __mspabi_srll_2
0000d3bc   __mspabi_srll_1
0000d3c4   NRF_TxPacket
0000d416   __mspabi_srli
0000d424   __mspabi_srli_15
0000d428   __mspabi_srli_14
0000d42c   __mspabi_srli_13
0000d430   __mspabi_srli_12
0000d434   __mspabi_srli_11
0000d438   __mspabi_srli_10
0000d43c   __mspabi_srli_9
0000d440   __mspabi_srli_8
0000d444   __mspabi_srli_7
0000d448   __mspabi_srli_6
0000d44c   __mspabi_srli_5
0000d450   __mspabi_srli_4
0000d454   __mspabi_srli_3
0000d458   __mspabi_srli_2
0000d45c   __mspabi_srli_1
0000d462   __mspabi_fixfu
0000d4a8   DS18B20_Init
0000d4ea   DS18B20_WriteBit
0000d52c   SPI_RW
0000d56a   __mspabi_sral_15
0000d56e   __mspabi_sral_14
0000d572   __mspabi_sral_13
0000d576   __mspabi_sral_12
0000d57a   __mspabi_sral_11
0000d57e   __mspabi_sral_10
0000d582   __mspabi_sral_9
0000d586   __mspabi_sral_8
0000d58a   __mspabi_sral_7
0000d58e   __mspabi_sral_6
0000d592   __mspabi_sral_5
0000d596   __mspabi_sral_4
0000d59a   __mspabi_sral_3
0000d59e   __mspabi_sral_2
0000d5a2   __mspabi_sral_1
0000d5a8   __mspabi_slll_15
0000d5ac   __mspabi_slll_14
0000d5b0   __mspabi_slll_13
0000d5b4   __mspabi_slll_12
0000d5b8   __mspabi_slll_11
0000d5bc   __mspabi_slll_10
0000d5c0   __mspabi_slll_9
0000d5c4   __mspabi_slll_8
0000d5c8   __mspabi_slll_7
0000d5cc   __mspabi_slll_6
0000d5d0   __mspabi_slll_5
0000d5d4   __mspabi_slll_4
0000d5d8   __mspabi_slll_3
0000d5dc   __mspabi_slll_2
0000d5e0   __mspabi_slll_1
0000d5e6   SetTX_Mode
0000d61e   __mspabi_fltif
0000d654   SPI_Write_Buf
0000d682   DS18B20_ReadBit
0000d6ae   __mspabi_srai
0000d6ba   __mspabi_srai_15
0000d6bc   __mspabi_srai_14
0000d6be   __mspabi_srai_13
0000d6c0   __mspabi_srai_12
0000d6c2   __mspabi_srai_11
0000d6c4   __mspabi_srai_10
0000d6c6   __mspabi_srai_9
0000d6c8   __mspabi_srai_8
0000d6ca   __mspabi_srai_7
0000d6cc   __mspabi_srai_6
0000d6ce   __mspabi_srai_5
0000d6d0   __mspabi_srai_4
0000d6d2   __mspabi_srai_3
0000d6d4   __mspabi_srai_2
0000d6d6   __mspabi_srai_1
0000d6da   __mspabi_divi
0000d6da   __mspabi_remi
0000d706   __mspabi_slli
0000d712   __mspabi_slli_15
0000d714   __mspabi_slli_14
0000d716   __mspabi_slli_13
0000d718   __mspabi_slli_12
0000d71a   __mspabi_slli_11
0000d71c   __mspabi_slli_10
0000d71e   __mspabi_slli_9
0000d720   __mspabi_slli_8
0000d722   __mspabi_slli_7
0000d724   __mspabi_slli_6
0000d726   __mspabi_slli_5
0000d728   __mspabi_slli_4
0000d72a   __mspabi_slli_3
0000d72c   __mspabi_slli_2
0000d72e   __mspabi_slli_1
0000d732   DS18B20_ReadByte
0000d75a   __mspabi_mpyl
0000d780   SPI_RW_Reg
0000d79e   DS18B20_WriteByte
0000d7ba   _c_int00
0000d7ba   _c_int00_noexit
0000d7d4   __mspabi_divu
0000d7d4   __mspabi_remu
0000d7ea   SPI_Read
0000d7fe   __TI_zero_init
0000d812   __mspabi_mpyi
0000d826   __TI_decompress_none
0000d838   __mspabi_srll
0000d84a   memcpy
0000d85c   __mspabi_func_epilog_7
0000d85e   __mspabi_func_epilog_6
0000d860   __mspabi_func_epilog_5
0000d862   __mspabi_func_epilog_4
0000d864   __mspabi_func_epilog_3
0000d866   __mspabi_func_epilog_2
0000d868   __mspabi_func_epilog_1
0000d86c   nrf24l01_Init_IO
0000d87a   __TI_decompress_rle24
0000d880   _system_pre_init
0000d884   C$$EXIT
0000d884   abort
0000d898   __TI_Handler_Table_Base
0000d89e   __TI_Handler_Table_Limit
0000d8a2   __TI_CINIT_Base
0000d8aa   __TI_CINIT_Limit
0000fffe   _reset_vector
ffffffff   __binit__
ffffffff   __c_args__
ffffffff   binit
UNDEFED    __TI_INITARRAY_Base
UNDEFED    __TI_INITARRAY_Limit

[262 symbols]
