******************************************************************************
                  MSP430 Linker PC v4.1.1                      
******************************************************************************
>> Linked Wed Jul 01 09:01:14 2015

OUTPUT FILE NAME:   <Matrix_Keyboard.out>
ENTRY POINT SYMBOL: "_c_int00"  address: 0000ed12


MEMORY CONFIGURATION

         name            origin    length      used     unused   attr    fill
----------------------  --------  ---------  --------  --------  ----  --------
  SFR                   00000000   00000010  00000000  00000010  RWIX
  PERIPHERALS_8BIT      00000010   000000f0  00000000  000000f0  RWIX
  PERIPHERALS_16BIT     00000100   00000100  00000000  00000100  RWIX
  RAM                   00000200   00000200  000001a0  00000060  RWIX
  INFOD                 00001000   00000040  00000000  00000040  RWIX
  INFOC                 00001040   00000040  00000000  00000040  RWIX
  INFOB                 00001080   00000040  00000000  00000040  RWIX
  INFOA                 000010c0   00000040  00000000  00000040  RWIX
  FLASH                 0000c000   00003fe0  00002ea2  0000113e  RWIX
  INT00                 0000ffe0   00000002  00000000  00000002  RWIX
  INT01                 0000ffe2   00000002  00000000  00000002  RWIX
  INT02                 0000ffe4   00000002  00000000  00000002  RWIX
  INT03                 0000ffe6   00000002  00000002  00000000  RWIX
  INT04                 0000ffe8   00000002  00000000  00000002  RWIX
  INT05                 0000ffea   00000002  00000000  00000002  RWIX
  INT06                 0000ffec   00000002  00000000  00000002  RWIX
  INT07                 0000ffee   00000002  00000000  00000002  RWIX
  INT08                 0000fff0   00000002  00000000  00000002  RWIX
  INT09                 0000fff2   00000002  00000000  00000002  RWIX
  INT10                 0000fff4   00000002  00000000  00000002  RWIX
  INT11                 0000fff6   00000002  00000000  00000002  RWIX
  INT12                 0000fff8   00000002  00000000  00000002  RWIX
  INT13                 0000fffa   00000002  00000000  00000002  RWIX
  INT14                 0000fffc   00000002  00000000  00000002  RWIX
  RESET                 0000fffe   00000002  00000002  00000000  RWIX


SECTION ALLOCATION MAP

 output                                  attributes/
section   page    origin      length       input sections
--------  ----  ----------  ----------   ----------------
.init_array 
*          0    0000c000    00000000     UNINITIALIZED

.data      0    00000200    0000010e     
                  00000200    00000080     rts430_eabi.lib : xvalues.obj (.data)
                  00000280    00000058                     : signal.obj (.data:sigtable)
                  000002d8    00000018     main.obj (.data:flowing_str)
                  000002f0    0000000a     main.obj (.data)
                  000002fa    00000008     main.obj (.data:carry_table)
                  00000302    00000006     rts430_eabi.lib : feraiseexcept.obj (.data)
                  00000308    00000004                     : _lock.obj (.data)
                  0000030c    00000002                     : errno.obj (.data)

.TI.persistent 
*          0    00000200    00000000     UNINITIALIZED

.bss       0    0000030e    00000042     UNINITIALIZED
                  0000030e    00000042     main.obj (.bss)

.TI.noinit 
*          0    0000030e    00000000     UNINITIALIZED

.stack     0    000003b0    00000050     UNINITIALIZED
                  000003b0    00000002     rts430_eabi.lib : boot.obj (.stack)
                  000003b2    0000004e     --HOLE--

.text      0    0000c000    00002e26     
                  0000c000    000006a4     main.obj (.text:KeyCtl)
                  0000c6a4    0000051a     main.obj (.text:LongToString)
                  0000cbbe    0000045e     rts430_eabi.lib : frcdivd.obj (.text:_frcdivd)
                  0000d01c    000002f8                     : frcmpyd.obj (.text:_frcmpyd)
                  0000d314    000002e8                     : addd.obj (.text:__mspabi_addd)
                  0000d5fc    0000026e                     : frcaddd.obj (.text:_frcaddd)
                  0000d86a    00000256                     : mpyd.obj (.text:__mspabi_mpyd)
                  0000dac0    00000238                     : divd.obj (.text:__mspabi_divd)
                  0000dcf8    000001f8                     : sqrt.obj (.text:sqrt)
                  0000def0    000001ae                     : xdscale.obj (.text:_Dscale)
                  0000e09e    00000128     main.obj (.text:Calc)
                  0000e1c6    00000110     rts430_eabi.lib : xdnorm.obj (.text:_Dnorm)
                  0000e2d6    000000c4     main.obj (.text:Port_2)
                  0000e39a    000000c0     rts430_eabi.lib : renormd.obj (.text:_renormd)
                  0000e45a    000000b0                     : fltlid.obj (.text:__mspabi_fltlid)
                  0000e50a    00000098     main.obj (.text:ScreenOn)
                  0000e5a2    00000088     rts430_eabi.lib : fixdli.obj (.text:__mspabi_fixdli)
                  0000e62a    00000078     main.obj (.text:main)
                  0000e6a2    00000076     rts430_eabi.lib : xdunscal.obj (.text:_Dunscale)
                  0000e718    0000006c     main.obj (.text:Formula_Parse)
                  0000e784    00000060     main.obj (.text:StringToLong)
                  0000e7e4    0000005e     rts430_eabi.lib : copy_decompress_rle.obj (.text:__TI_decompress_rle_core)
                  0000e842    0000005e                     : autoinit.obj (.text:_auto_init)
                  0000e8a0    0000005c                     : lsr32.obj (.text:l_lsr_const)
                  0000e8fc    00000058                     : div32u.obj (.text)
                  0000e954    0000004c                     : lsr16.obj (.text)
                  0000e9a0    0000004a     main.obj (.text:LCD_write_command)
                  0000e9ea    00000042     main.obj (.text:LCD_write_data)
                  0000ea2c    00000040     rts430_eabi.lib : div32s.obj (.text)
                  0000ea6c    0000003e     main.obj (.text:LCD_init)
                  0000eaaa    0000003e     rts430_eabi.lib : asr32.obj (.text:l_asr_const)
                  0000eae8    0000003e                     : lsl32.obj (.text:l_lsl_const)
                  0000eb26    00000036     main.obj (.text:Reset)
                  0000eb5c    00000036     rts430_eabi.lib : signal.obj (.text:signal)
                  0000eb92    00000032                     : xferaise.obj (.text:_Feraise)
                  0000ebc4    00000030                     : raise.obj (.text:raise)
                  0000ebf4    0000002e                     : feraiseexcept.obj (.text:feraiseexcept)
                  0000ec22    0000002c                     : asr16.obj (.text)
                  0000ec4e    0000002c                     : div16s.obj (.text)
                  0000ec7a    0000002c                     : lsl16.obj (.text)
                  0000eca6    0000002a                     : negd.obj (.text:__mspabi_negd)
                  0000ecd0    00000026                     : mult32.obj (.text)
                  0000ecf6    0000001c     main.obj (.text:LCD_write_string)
                  0000ed12    0000001a     rts430_eabi.lib : boot.obj (.text:_c_int00_noexit)
                  0000ed2c    00000016                     : div16u.obj (.text)
                  0000ed42    00000014     main.obj (.text:LCD_set_xy)
                  0000ed56    00000014     rts430_eabi.lib : copy_zero_init.obj (.text:decompress:ZI:__TI_zero_init)
                  0000ed6a    00000014                     : mult16.obj (.text)
                  0000ed7e    00000012     main.obj (.text:LCD_en_write)
                  0000ed90    00000012     rts430_eabi.lib : copy_decompress_none.obj (.text:decompress:none:__TI_decompress_none)
                  0000eda2    00000012     main.obj (.text:delay_nus)
                  0000edb4    00000012     rts430_eabi.lib : lsr32.obj (.text:l_lsr)
                  0000edc6    00000012                     : memcpy.obj (.text:memcpy)
                  0000edd8    00000010                     : asr32.obj (.text:l_asr)
                  0000ede8    00000010                     : lsl32.obj (.text:l_lsl)
                  0000edf8    00000010                     : epilog.obj (.text)
                  0000ee08    0000000c                     : fltid.obj (.text:__mspabi_fltid)
                  0000ee14    00000006                     : copy_decompress_rle.obj (.text:decompress:rle24:__TI_decompress_rle24)
                  0000ee1a    00000004                     : pre_init.obj (.text:_system_pre_init)
                  0000ee1e    00000004                     : exit.obj (.text:abort)
                  0000ee22    00000002                     : _lock.obj (.text:_nop)
                  0000ee24    00000002     main.obj (.text:delay_1us)

.const     0    0000ee26    00000018     
                  0000ee26    00000018     main.obj (.const:.string)

.cinit     0    0000ee3e    00000064     
                  0000ee3e    00000052     (.cinit..data.load) [load image, compression = rle]
                  0000ee90    00000006     (__TI_handler_table)
                  0000ee96    00000004     (.cinit..bss.load) [load image, compression = zero_init]
                  0000ee9a    00000008     (__TI_cinit_table)

PORT2      0    0000ffe6    00000002     
                  0000ffe6    00000002     main.obj (.int03)

.reset     0    0000fffe    00000002     
                  0000fffe    00000002     rts430_eabi.lib : boot.obj (.reset)


LINKER GENERATED COPY TABLES

__TI_cinit_table @ 0000ee9a records: 2, size/record: 4, table size: 8
	.data: load addr=0000ee3e, load size=00000052 bytes, run addr=00000200, run size=0000010e bytes, compression=rle
	.bss: load addr=0000ee96, load size=00000004 bytes, run addr=0000030e, run size=00000042 bytes, compression=zero_init


LINKER GENERATED HANDLER TABLE

__TI_handler_table @ 0000ee90 records: 3, size/record: 2, table size: 6
	index: 0, handler: __TI_zero_init
	index: 1, handler: __TI_decompress_rle24
	index: 2, handler: __TI_decompress_none


GLOBAL SYMBOLS: SORTED ALPHABETICALLY BY Name 

address    name
--------   ----
0000004a   ADC10AE0
000001b0   ADC10CTL0
000001b2   ADC10CTL1
00000048   ADC10DTC0
00000049   ADC10DTC1
000001b4   ADC10MEM
000001bc   ADC10SA
00000057   BCSCTL1
00000058   BCSCTL2
00000053   BCSCTL3
0000ee1e   C$$EXIT
00000059   CACTL1
0000005a   CACTL2
000010fb   CALBC1_12MHZ
000010f9   CALBC1_16MHZ
000010ff   CALBC1_1MHZ
000010fd   CALBC1_8MHZ
000010fa   CALDCO_12MHZ
000010f8   CALDCO_16MHZ
000010fe   CALDCO_1MHZ
000010fc   CALDCO_8MHZ
0000005b   CAPD
0000e09e   Calc
00000056   DCOCTL
00000128   FCTL1
0000012a   FCTL2
0000012c   FCTL3
0000e718   Formula_Parse
00000000   IE1
00000001   IE2
00000002   IFG1
00000003   IFG2
0000c000   KeyCtl
0000ed7e   LCD_en_write
0000ea6c   LCD_init
0000ed42   LCD_set_xy
0000e9a0   LCD_write_command
0000e9ea   LCD_write_data
0000ecf6   LCD_write_string
0000c6a4   LongToString
00000022   P1DIR
00000025   P1IE
00000024   P1IES
00000023   P1IFG
00000020   P1IN
00000021   P1OUT
00000027   P1REN
00000026   P1SEL
00000041   P1SEL2
0000002a   P2DIR
0000002d   P2IE
0000002c   P2IES
0000002b   P2IFG
00000028   P2IN
00000029   P2OUT
0000002f   P2REN
0000002e   P2SEL
00000042   P2SEL2
0000001a   P3DIR
00000018   P3IN
00000019   P3OUT
00000010   P3REN
0000001b   P3SEL
00000043   P3SEL2
0000e2d6   Port_2
0000eb26   Reset
0000e50a   ScreenOn
0000e784   StringToLong
00000172   TA0CCR0
00000174   TA0CCR1
00000176   TA0CCR2
00000162   TA0CCTL0
00000164   TA0CCTL1
00000166   TA0CCTL2
00000160   TA0CTL
0000012e   TA0IV
00000170   TA0R
00000192   TA1CCR0
00000194   TA1CCR1
00000196   TA1CCR2
00000182   TA1CCTL0
00000184   TA1CCTL1
00000186   TA1CCTL2
00000180   TA1CTL
0000011e   TA1IV
00000190   TA1R
0000005d   UCA0ABCTL
00000062   UCA0BR0
00000063   UCA0BR1
00000060   UCA0CTL0
00000061   UCA0CTL1
0000005f   UCA0IRRCTL
0000005e   UCA0IRTCTL
00000064   UCA0MCTL
00000066   UCA0RXBUF
00000065   UCA0STAT
00000067   UCA0TXBUF
0000006a   UCB0BR0
0000006b   UCB0BR1
00000068   UCB0CTL0
00000069   UCB0CTL1
0000006c   UCB0I2CIE
00000118   UCB0I2COA
0000011a   UCB0I2CSA
0000006e   UCB0RXBUF
0000006d   UCB0STAT
0000006f   UCB0TXBUF
00000120   WDTCTL
00000200   _Denorm
0000e1c6   _Dnorm
0000def0   _Dscale
0000e6a2   _Dunscale
00000210   _Eps
0000030c   _Errno
00000302   _Fenv
0000eb92   _Feraise
00000220   _Hugeval
00000230   _Inf
00000240   _Nan
00000260   _Rteps
00000250   _Snan
00000306   _Tls_setup__Fenv
00000270   _Xbig
00000278   _Zero
00000400   __STACK_END
00000050   __STACK_SIZE
0000ee9a   __TI_CINIT_Base
0000eea2   __TI_CINIT_Limit
0000ee90   __TI_Handler_Table_Base
0000ee96   __TI_Handler_Table_Limit
UNDEFED    __TI_INITARRAY_Base
UNDEFED    __TI_INITARRAY_Limit
00000001   __TI_args_main
0000ed90   __TI_decompress_none
0000ee14   __TI_decompress_rle24
00000001   __TI_exit
0000ed56   __TI_zero_init
ffffffff   __binit__
ffffffff   __c_args__
0000d314   __mspabi_addd
0000dac0   __mspabi_divd
0000ec4e   __mspabi_divi
0000ea2c   __mspabi_divli
0000ed2c   __mspabi_divu
0000e8fc   __mspabi_divul
0000e5a2   __mspabi_fixdli
0000ee08   __mspabi_fltid
0000e45a   __mspabi_fltlid
0000ee04   __mspabi_func_epilog_1
0000ee02   __mspabi_func_epilog_2
0000ee00   __mspabi_func_epilog_3
0000edfe   __mspabi_func_epilog_4
0000edfc   __mspabi_func_epilog_5
0000edfa   __mspabi_func_epilog_6
0000edf8   __mspabi_func_epilog_7
0000d86a   __mspabi_mpyd
0000ed6a   __mspabi_mpyi
0000ecd0   __mspabi_mpyl
0000eca6   __mspabi_negd
0000ec4e   __mspabi_remi
0000ea2c   __mspabi_remli
0000ed2c   __mspabi_remu
0000e8fc   __mspabi_remul
0000ec7a   __mspabi_slli
0000eca2   __mspabi_slli_1
0000ec90   __mspabi_slli_10
0000ec8e   __mspabi_slli_11
0000ec8c   __mspabi_slli_12
0000ec8a   __mspabi_slli_13
0000ec88   __mspabi_slli_14
0000ec86   __mspabi_slli_15
0000eca0   __mspabi_slli_2
0000ec9e   __mspabi_slli_3
0000ec9c   __mspabi_slli_4
0000ec9a   __mspabi_slli_5
0000ec98   __mspabi_slli_6
0000ec96   __mspabi_slli_7
0000ec94   __mspabi_slli_8
0000ec92   __mspabi_slli_9
0000ede8   __mspabi_slll
0000eb20   __mspabi_slll_1
0000eafc   __mspabi_slll_10
0000eaf8   __mspabi_slll_11
0000eaf4   __mspabi_slll_12
0000eaf0   __mspabi_slll_13
0000eaec   __mspabi_slll_14
0000eae8   __mspabi_slll_15
0000eb1c   __mspabi_slll_2
0000eb18   __mspabi_slll_3
0000eb14   __mspabi_slll_4
0000eb10   __mspabi_slll_5
0000eb0c   __mspabi_slll_6
0000eb08   __mspabi_slll_7
0000eb04   __mspabi_slll_8
0000eb00   __mspabi_slll_9
0000ec22   __mspabi_srai
0000ec4a   __mspabi_srai_1
0000ec38   __mspabi_srai_10
0000ec36   __mspabi_srai_11
0000ec34   __mspabi_srai_12
0000ec32   __mspabi_srai_13
0000ec30   __mspabi_srai_14
0000ec2e   __mspabi_srai_15
0000ec48   __mspabi_srai_2
0000ec46   __mspabi_srai_3
0000ec44   __mspabi_srai_4
0000ec42   __mspabi_srai_5
0000ec40   __mspabi_srai_6
0000ec3e   __mspabi_srai_7
0000ec3c   __mspabi_srai_8
0000ec3a   __mspabi_srai_9
0000edd8   __mspabi_sral
0000eae2   __mspabi_sral_1
0000eabe   __mspabi_sral_10
0000eaba   __mspabi_sral_11
0000eab6   __mspabi_sral_12
0000eab2   __mspabi_sral_13
0000eaae   __mspabi_sral_14
0000eaaa   __mspabi_sral_15
0000eade   __mspabi_sral_2
0000eada   __mspabi_sral_3
0000ead6   __mspabi_sral_4
0000ead2   __mspabi_sral_5
0000eace   __mspabi_sral_6
0000eaca   __mspabi_sral_7
0000eac6   __mspabi_sral_8
0000eac2   __mspabi_sral_9
0000e954   __mspabi_srli
0000e99a   __mspabi_srli_1
0000e976   __mspabi_srli_10
0000e972   __mspabi_srli_11
0000e96e   __mspabi_srli_12
0000e96a   __mspabi_srli_13
0000e966   __mspabi_srli_14
0000e962   __mspabi_srli_15
0000e996   __mspabi_srli_2
0000e992   __mspabi_srli_3
0000e98e   __mspabi_srli_4
0000e98a   __mspabi_srli_5
0000e986   __mspabi_srli_6
0000e982   __mspabi_srli_7
0000e97e   __mspabi_srli_8
0000e97a   __mspabi_srli_9
0000edb4   __mspabi_srll
0000e8f4   __mspabi_srll_1
0000e8be   __mspabi_srll_10
0000e8b8   __mspabi_srll_11
0000e8b2   __mspabi_srll_12
0000e8ac   __mspabi_srll_13
0000e8a6   __mspabi_srll_14
0000e8a0   __mspabi_srll_15
0000e8ee   __mspabi_srll_2
0000e8e8   __mspabi_srll_3
0000e8e2   __mspabi_srll_4
0000e8dc   __mspabi_srll_5
0000e8d6   __mspabi_srll_6
0000e8d0   __mspabi_srll_7
0000e8ca   __mspabi_srll_8
0000e8c4   __mspabi_srll_9
0000e842   _auto_init
0000ed12   _c_int00
0000ed12   _c_int00_noexit
0000d5fc   _frcaddd
0000cbbe   _frcdivd
0000d01c   _frcmpyd
00000308   _lock
0000ee22   _nop
0000e39a   _renormd
0000fffe   _reset_vector
000003b0   _stack
0000ee1a   _system_pre_init
0000030a   _unlock
000002f2   a
0000ee1e   abort
ffffffff   binit
000002f4   c_index
000002fa   carry_table
0000ee24   delay_1us
0000eda2   delay_nus
0000ebf4   feraiseexcept
00000310   first_line
00000334   first_para
000002f6   flag
000002d8   flowing_str
0000030e   i
000002f0   k
0000e62a   main
0000edc6   memcpy
00000348   para
0000ebc4   raise
00000324   result_str
0000033e   second_para
0000eb5c   signal
0000dcf8   sqrt
000002f8   sym_count
00000320   sym_pos


GLOBAL SYMBOLS: SORTED BY Symbol Address 

address    name
--------   ----
00000000   IE1
00000001   IE2
00000001   __TI_args_main
00000001   __TI_exit
00000002   IFG1
00000003   IFG2
00000010   P3REN
00000018   P3IN
00000019   P3OUT
0000001a   P3DIR
0000001b   P3SEL
00000020   P1IN
00000021   P1OUT
00000022   P1DIR
00000023   P1IFG
00000024   P1IES
00000025   P1IE
00000026   P1SEL
00000027   P1REN
00000028   P2IN
00000029   P2OUT
0000002a   P2DIR
0000002b   P2IFG
0000002c   P2IES
0000002d   P2IE
0000002e   P2SEL
0000002f   P2REN
00000041   P1SEL2
00000042   P2SEL2
00000043   P3SEL2
00000048   ADC10DTC0
00000049   ADC10DTC1
0000004a   ADC10AE0
00000050   __STACK_SIZE
00000053   BCSCTL3
00000056   DCOCTL
00000057   BCSCTL1
00000058   BCSCTL2
00000059   CACTL1
0000005a   CACTL2
0000005b   CAPD
0000005d   UCA0ABCTL
0000005e   UCA0IRTCTL
0000005f   UCA0IRRCTL
00000060   UCA0CTL0
00000061   UCA0CTL1
00000062   UCA0BR0
00000063   UCA0BR1
00000064   UCA0MCTL
00000065   UCA0STAT
00000066   UCA0RXBUF
00000067   UCA0TXBUF
00000068   UCB0CTL0
00000069   UCB0CTL1
0000006a   UCB0BR0
0000006b   UCB0BR1
0000006c   UCB0I2CIE
0000006d   UCB0STAT
0000006e   UCB0RXBUF
0000006f   UCB0TXBUF
00000118   UCB0I2COA
0000011a   UCB0I2CSA
0000011e   TA1IV
00000120   WDTCTL
00000128   FCTL1
0000012a   FCTL2
0000012c   FCTL3
0000012e   TA0IV
00000160   TA0CTL
00000162   TA0CCTL0
00000164   TA0CCTL1
00000166   TA0CCTL2
00000170   TA0R
00000172   TA0CCR0
00000174   TA0CCR1
00000176   TA0CCR2
00000180   TA1CTL
00000182   TA1CCTL0
00000184   TA1CCTL1
00000186   TA1CCTL2
00000190   TA1R
00000192   TA1CCR0
00000194   TA1CCR1
00000196   TA1CCR2
000001b0   ADC10CTL0
000001b2   ADC10CTL1
000001b4   ADC10MEM
000001bc   ADC10SA
00000200   _Denorm
00000210   _Eps
00000220   _Hugeval
00000230   _Inf
00000240   _Nan
00000250   _Snan
00000260   _Rteps
00000270   _Xbig
00000278   _Zero
000002d8   flowing_str
000002f0   k
000002f2   a
000002f4   c_index
000002f6   flag
000002f8   sym_count
000002fa   carry_table
00000302   _Fenv
00000306   _Tls_setup__Fenv
00000308   _lock
0000030a   _unlock
0000030c   _Errno
0000030e   i
00000310   first_line
00000320   sym_pos
00000324   result_str
00000334   first_para
0000033e   second_para
00000348   para
000003b0   _stack
00000400   __STACK_END
000010f8   CALDCO_16MHZ
000010f9   CALBC1_16MHZ
000010fa   CALDCO_12MHZ
000010fb   CALBC1_12MHZ
000010fc   CALDCO_8MHZ
000010fd   CALBC1_8MHZ
000010fe   CALDCO_1MHZ
000010ff   CALBC1_1MHZ
0000c000   KeyCtl
0000c6a4   LongToString
0000cbbe   _frcdivd
0000d01c   _frcmpyd
0000d314   __mspabi_addd
0000d5fc   _frcaddd
0000d86a   __mspabi_mpyd
0000dac0   __mspabi_divd
0000dcf8   sqrt
0000def0   _Dscale
0000e09e   Calc
0000e1c6   _Dnorm
0000e2d6   Port_2
0000e39a   _renormd
0000e45a   __mspabi_fltlid
0000e50a   ScreenOn
0000e5a2   __mspabi_fixdli
0000e62a   main
0000e6a2   _Dunscale
0000e718   Formula_Parse
0000e784   StringToLong
0000e842   _auto_init
0000e8a0   __mspabi_srll_15
0000e8a6   __mspabi_srll_14
0000e8ac   __mspabi_srll_13
0000e8b2   __mspabi_srll_12
0000e8b8   __mspabi_srll_11
0000e8be   __mspabi_srll_10
0000e8c4   __mspabi_srll_9
0000e8ca   __mspabi_srll_8
0000e8d0   __mspabi_srll_7
0000e8d6   __mspabi_srll_6
0000e8dc   __mspabi_srll_5
0000e8e2   __mspabi_srll_4
0000e8e8   __mspabi_srll_3
0000e8ee   __mspabi_srll_2
0000e8f4   __mspabi_srll_1
0000e8fc   __mspabi_divul
0000e8fc   __mspabi_remul
0000e954   __mspabi_srli
0000e962   __mspabi_srli_15
0000e966   __mspabi_srli_14
0000e96a   __mspabi_srli_13
0000e96e   __mspabi_srli_12
0000e972   __mspabi_srli_11
0000e976   __mspabi_srli_10
0000e97a   __mspabi_srli_9
0000e97e   __mspabi_srli_8
0000e982   __mspabi_srli_7
0000e986   __mspabi_srli_6
0000e98a   __mspabi_srli_5
0000e98e   __mspabi_srli_4
0000e992   __mspabi_srli_3
0000e996   __mspabi_srli_2
0000e99a   __mspabi_srli_1
0000e9a0   LCD_write_command
0000e9ea   LCD_write_data
0000ea2c   __mspabi_divli
0000ea2c   __mspabi_remli
0000ea6c   LCD_init
0000eaaa   __mspabi_sral_15
0000eaae   __mspabi_sral_14
0000eab2   __mspabi_sral_13
0000eab6   __mspabi_sral_12
0000eaba   __mspabi_sral_11
0000eabe   __mspabi_sral_10
0000eac2   __mspabi_sral_9
0000eac6   __mspabi_sral_8
0000eaca   __mspabi_sral_7
0000eace   __mspabi_sral_6
0000ead2   __mspabi_sral_5
0000ead6   __mspabi_sral_4
0000eada   __mspabi_sral_3
0000eade   __mspabi_sral_2
0000eae2   __mspabi_sral_1
0000eae8   __mspabi_slll_15
0000eaec   __mspabi_slll_14
0000eaf0   __mspabi_slll_13
0000eaf4   __mspabi_slll_12
0000eaf8   __mspabi_slll_11
0000eafc   __mspabi_slll_10
0000eb00   __mspabi_slll_9
0000eb04   __mspabi_slll_8
0000eb08   __mspabi_slll_7
0000eb0c   __mspabi_slll_6
0000eb10   __mspabi_slll_5
0000eb14   __mspabi_slll_4
0000eb18   __mspabi_slll_3
0000eb1c   __mspabi_slll_2
0000eb20   __mspabi_slll_1
0000eb26   Reset
0000eb5c   signal
0000eb92   _Feraise
0000ebc4   raise
0000ebf4   feraiseexcept
0000ec22   __mspabi_srai
0000ec2e   __mspabi_srai_15
0000ec30   __mspabi_srai_14
0000ec32   __mspabi_srai_13
0000ec34   __mspabi_srai_12
0000ec36   __mspabi_srai_11
0000ec38   __mspabi_srai_10
0000ec3a   __mspabi_srai_9
0000ec3c   __mspabi_srai_8
0000ec3e   __mspabi_srai_7
0000ec40   __mspabi_srai_6
0000ec42   __mspabi_srai_5
0000ec44   __mspabi_srai_4
0000ec46   __mspabi_srai_3
0000ec48   __mspabi_srai_2
0000ec4a   __mspabi_srai_1
0000ec4e   __mspabi_divi
0000ec4e   __mspabi_remi
0000ec7a   __mspabi_slli
0000ec86   __mspabi_slli_15
0000ec88   __mspabi_slli_14
0000ec8a   __mspabi_slli_13
0000ec8c   __mspabi_slli_12
0000ec8e   __mspabi_slli_11
0000ec90   __mspabi_slli_10
0000ec92   __mspabi_slli_9
0000ec94   __mspabi_slli_8
0000ec96   __mspabi_slli_7
0000ec98   __mspabi_slli_6
0000ec9a   __mspabi_slli_5
0000ec9c   __mspabi_slli_4
0000ec9e   __mspabi_slli_3
0000eca0   __mspabi_slli_2
0000eca2   __mspabi_slli_1
0000eca6   __mspabi_negd
0000ecd0   __mspabi_mpyl
0000ecf6   LCD_write_string
0000ed12   _c_int00
0000ed12   _c_int00_noexit
0000ed2c   __mspabi_divu
0000ed2c   __mspabi_remu
0000ed42   LCD_set_xy
0000ed56   __TI_zero_init
0000ed6a   __mspabi_mpyi
0000ed7e   LCD_en_write
0000ed90   __TI_decompress_none
0000eda2   delay_nus
0000edb4   __mspabi_srll
0000edc6   memcpy
0000edd8   __mspabi_sral
0000ede8   __mspabi_slll
0000edf8   __mspabi_func_epilog_7
0000edfa   __mspabi_func_epilog_6
0000edfc   __mspabi_func_epilog_5
0000edfe   __mspabi_func_epilog_4
0000ee00   __mspabi_func_epilog_3
0000ee02   __mspabi_func_epilog_2
0000ee04   __mspabi_func_epilog_1
0000ee08   __mspabi_fltid
0000ee14   __TI_decompress_rle24
0000ee1a   _system_pre_init
0000ee1e   C$$EXIT
0000ee1e   abort
0000ee22   _nop
0000ee24   delay_1us
0000ee90   __TI_Handler_Table_Base
0000ee96   __TI_Handler_Table_Limit
0000ee9a   __TI_CINIT_Base
0000eea2   __TI_CINIT_Limit
0000fffe   _reset_vector
ffffffff   __binit__
ffffffff   __c_args__
ffffffff   binit
UNDEFED    __TI_INITARRAY_Base
UNDEFED    __TI_INITARRAY_Limit

[296 symbols]
